Component: ARM Compiler 5.06 update 7 (build 960) Tool: armlink [4d3601]

==============================================================================

Section Cross References

    stm32f4xx_adc.o(i.ADC_DeInit) refers to stm32f4xx_rcc.o(i.RCC_APB2PeriphResetCmd) for RCC_APB2PeriphResetCmd
    stm32f4xx_can.o(i.CAN_DeInit) refers to stm32f4xx_rcc.o(i.RCC_APB1PeriphResetCmd) for RCC_APB1PeriphResetCmd
    stm32f4xx_can.o(i.CAN_GetITStatus) refers to stm32f4xx_can.o(i.CheckITStatus) for CheckITStatus
    stm32f4xx_cryp.o(i.CRYP_DeInit) refers to stm32f4xx_rcc.o(i.RCC_AHB2PeriphResetCmd) for RCC_AHB2PeriphResetCmd
    stm32f4xx_cryp_aes.o(i.CRYP_AES_CBC) refers to stm32f4xx_cryp.o(i.CRYP_KeyStructInit) for CRYP_KeyStructInit
    stm32f4xx_cryp_aes.o(i.CRYP_AES_CBC) refers to stm32f4xx_cryp.o(i.CRYP_FIFOFlush) for CRYP_FIFOFlush
    stm32f4xx_cryp_aes.o(i.CRYP_AES_CBC) refers to stm32f4xx_cryp.o(i.CRYP_Init) for CRYP_Init
    stm32f4xx_cryp_aes.o(i.CRYP_AES_CBC) refers to stm32f4xx_cryp.o(i.CRYP_KeyInit) for CRYP_KeyInit
    stm32f4xx_cryp_aes.o(i.CRYP_AES_CBC) refers to stm32f4xx_cryp.o(i.CRYP_Cmd) for CRYP_Cmd
    stm32f4xx_cryp_aes.o(i.CRYP_AES_CBC) refers to stm32f4xx_cryp.o(i.CRYP_GetFlagStatus) for CRYP_GetFlagStatus
    stm32f4xx_cryp_aes.o(i.CRYP_AES_CBC) refers to stm32f4xx_cryp.o(i.CRYP_IVInit) for CRYP_IVInit
    stm32f4xx_cryp_aes.o(i.CRYP_AES_CBC) refers to stm32f4xx_cryp.o(i.CRYP_GetCmdStatus) for CRYP_GetCmdStatus
    stm32f4xx_cryp_aes.o(i.CRYP_AES_CBC) refers to stm32f4xx_cryp.o(i.CRYP_DataIn) for CRYP_DataIn
    stm32f4xx_cryp_aes.o(i.CRYP_AES_CBC) refers to stm32f4xx_cryp.o(i.CRYP_DataOut) for CRYP_DataOut
    stm32f4xx_cryp_aes.o(i.CRYP_AES_CCM) refers to stm32f4xx_cryp.o(i.CRYP_KeyStructInit) for CRYP_KeyStructInit
    stm32f4xx_cryp_aes.o(i.CRYP_AES_CCM) refers to stm32f4xx_cryp.o(i.CRYP_FIFOFlush) for CRYP_FIFOFlush
    stm32f4xx_cryp_aes.o(i.CRYP_AES_CCM) refers to stm32f4xx_cryp.o(i.CRYP_KeyInit) for CRYP_KeyInit
    stm32f4xx_cryp_aes.o(i.CRYP_AES_CCM) refers to stm32f4xx_cryp.o(i.CRYP_IVInit) for CRYP_IVInit
    stm32f4xx_cryp_aes.o(i.CRYP_AES_CCM) refers to stm32f4xx_cryp.o(i.CRYP_Init) for CRYP_Init
    stm32f4xx_cryp_aes.o(i.CRYP_AES_CCM) refers to stm32f4xx_cryp.o(i.CRYP_PhaseConfig) for CRYP_PhaseConfig
    stm32f4xx_cryp_aes.o(i.CRYP_AES_CCM) refers to stm32f4xx_cryp.o(i.CRYP_DataIn) for CRYP_DataIn
    stm32f4xx_cryp_aes.o(i.CRYP_AES_CCM) refers to stm32f4xx_cryp.o(i.CRYP_Cmd) for CRYP_Cmd
    stm32f4xx_cryp_aes.o(i.CRYP_AES_CCM) refers to stm32f4xx_cryp.o(i.CRYP_GetCmdStatus) for CRYP_GetCmdStatus
    stm32f4xx_cryp_aes.o(i.CRYP_AES_CCM) refers to stm32f4xx_cryp.o(i.CRYP_GetFlagStatus) for CRYP_GetFlagStatus
    stm32f4xx_cryp_aes.o(i.CRYP_AES_CCM) refers to stm32f4xx_cryp.o(i.CRYP_DataOut) for CRYP_DataOut
    stm32f4xx_cryp_aes.o(i.CRYP_AES_CTR) refers to stm32f4xx_cryp.o(i.CRYP_KeyStructInit) for CRYP_KeyStructInit
    stm32f4xx_cryp_aes.o(i.CRYP_AES_CTR) refers to stm32f4xx_cryp.o(i.CRYP_KeyInit) for CRYP_KeyInit
    stm32f4xx_cryp_aes.o(i.CRYP_AES_CTR) refers to stm32f4xx_cryp.o(i.CRYP_Init) for CRYP_Init
    stm32f4xx_cryp_aes.o(i.CRYP_AES_CTR) refers to stm32f4xx_cryp.o(i.CRYP_IVInit) for CRYP_IVInit
    stm32f4xx_cryp_aes.o(i.CRYP_AES_CTR) refers to stm32f4xx_cryp.o(i.CRYP_FIFOFlush) for CRYP_FIFOFlush
    stm32f4xx_cryp_aes.o(i.CRYP_AES_CTR) refers to stm32f4xx_cryp.o(i.CRYP_Cmd) for CRYP_Cmd
    stm32f4xx_cryp_aes.o(i.CRYP_AES_CTR) refers to stm32f4xx_cryp.o(i.CRYP_GetCmdStatus) for CRYP_GetCmdStatus
    stm32f4xx_cryp_aes.o(i.CRYP_AES_CTR) refers to stm32f4xx_cryp.o(i.CRYP_DataIn) for CRYP_DataIn
    stm32f4xx_cryp_aes.o(i.CRYP_AES_CTR) refers to stm32f4xx_cryp.o(i.CRYP_GetFlagStatus) for CRYP_GetFlagStatus
    stm32f4xx_cryp_aes.o(i.CRYP_AES_CTR) refers to stm32f4xx_cryp.o(i.CRYP_DataOut) for CRYP_DataOut
    stm32f4xx_cryp_aes.o(i.CRYP_AES_ECB) refers to stm32f4xx_cryp.o(i.CRYP_KeyStructInit) for CRYP_KeyStructInit
    stm32f4xx_cryp_aes.o(i.CRYP_AES_ECB) refers to stm32f4xx_cryp.o(i.CRYP_FIFOFlush) for CRYP_FIFOFlush
    stm32f4xx_cryp_aes.o(i.CRYP_AES_ECB) refers to stm32f4xx_cryp.o(i.CRYP_Init) for CRYP_Init
    stm32f4xx_cryp_aes.o(i.CRYP_AES_ECB) refers to stm32f4xx_cryp.o(i.CRYP_KeyInit) for CRYP_KeyInit
    stm32f4xx_cryp_aes.o(i.CRYP_AES_ECB) refers to stm32f4xx_cryp.o(i.CRYP_Cmd) for CRYP_Cmd
    stm32f4xx_cryp_aes.o(i.CRYP_AES_ECB) refers to stm32f4xx_cryp.o(i.CRYP_GetFlagStatus) for CRYP_GetFlagStatus
    stm32f4xx_cryp_aes.o(i.CRYP_AES_ECB) refers to stm32f4xx_cryp.o(i.CRYP_GetCmdStatus) for CRYP_GetCmdStatus
    stm32f4xx_cryp_aes.o(i.CRYP_AES_ECB) refers to stm32f4xx_cryp.o(i.CRYP_DataIn) for CRYP_DataIn
    stm32f4xx_cryp_aes.o(i.CRYP_AES_ECB) refers to stm32f4xx_cryp.o(i.CRYP_DataOut) for CRYP_DataOut
    stm32f4xx_cryp_aes.o(i.CRYP_AES_GCM) refers to stm32f4xx_cryp.o(i.CRYP_KeyStructInit) for CRYP_KeyStructInit
[...]
    .data                                    0x20000120   Section       26  lcd_touch.o(.data)
    .data                                    0x2000013a   Section        7  k230_serial.o(.data)
    RxState                                  0x2000013e   Data           1  k230_serial.o(.data)
    pRxPacket                                0x2000013f   Data           1  k230_serial.o(.data)
    PacketType                               0x20000140   Data           1  k230_serial.o(.data)
    .bss                                     0x20000148   Section       80  timer_clock.o(.bss)
    start_ticks                              0x20000148   Data          80  timer_clock.o(.bss)
    .bss                                     0x20000198   Section      192  stepper_pitch.o(.bss)
    .bss                                     0x20000258   Section      192  stepper_yaw.o(.bss)
    .bss                                     0x20000318   Section       14  lcd_init.o(.bss)
    .bss                                     0x20000326   Section       90  k230_serial.o(.bss)
    .bss                                     0x20000380   Section       96  libspace.o(.bss)
    HEAP                                     0x200003e0   Section      512  startup_stm32f40_41xxx.o(HEAP)
    Heap_Mem                                 0x200003e0   Data         512  startup_stm32f40_41xxx.o(HEAP)
    STACK                                    0x200005e0   Section     1024  startup_stm32f40_41xxx.o(STACK)
    Stack_Mem                                0x200005e0   Data        1024  startup_stm32f40_41xxx.o(STACK)
    __initial_sp                             0x200009e0   Data           0  startup_stm32f40_41xxx.o(STACK)

    Global Symbols

    Symbol Name                              Value     Ov Type        Size  Object(Section)

    BuildAttributes$$THM_ISAv4$E$P$D$K$B$S$7EM$VFPi3$EXTD16$VFPS$VFMA$PE$A:L22UL41UL21$X:L11$S22US41US21$IEEE1$IW$USESV6$~STKCKD$USESV7$~SHL$OTIME$ROPI$IEEEX$EBA8$UX$STANDARDLIB$REQ8$PRES8$EABIv2 0x00000000   Number         0  anon$$obj.o ABSOLUTE
    __ARM_use_no_argv                        0x00000000   Number         0  main.o ABSOLUTE
    __ARM_exceptions_init                     - Undefined Weak Reference
    __alloca_initialize                       - Undefined Weak Reference
    __arm_fini_                               - Undefined Weak Reference
    __arm_preinit_                            - Undefined Weak Reference
    __cpp_initialize__aeabi_                  - Undefined Weak Reference
    __cxa_finalize                            - Undefined Weak Reference
    __sigvec_lookup                           - Undefined Weak Reference
    _atexit_init                              - Undefined Weak Reference
    _call_atexit_fns                          - Undefined Weak Reference
    _clock_init                               - Undefined Weak Reference
    _fp_trap_init                             - Undefined Weak Reference
    _fp_trap_shutdown                         - Undefined Weak Reference
    _get_lc_collate                           - Undefined Weak Reference
    _get_lc_monetary                          - Undefined Weak Reference
    _get_lc_numeric                           - Undefined Weak Reference
    _get_lc_time                              - Undefined Weak Reference
    _getenv_init                              - Undefined Weak Reference
    _handle_redirection                       - Undefined Weak Reference
    _init_alloc                               - Undefined Weak Reference
    _init_user_alloc                          - Undefined Weak Reference
    _initio                                   - Undefined Weak Reference
    _rand_init                                - Undefined Weak Reference
    _signal_finish                            - Undefined Weak Reference
    _signal_init                              - Undefined Weak Reference
    _terminate_alloc                          - Undefined Weak Reference
    _terminate_user_alloc                     - Undefined Weak Reference
    _terminateio                              - Undefined Weak Reference
    __Vectors_Size                           0x00000188   Number         0  startup_stm32f40_41xxx.o ABSOLUTE
    __Vectors                                0x08000000   Data           4  startup_stm32f40_41xxx.o(RESET)
    __Vectors_End                            0x08000188   Data           0  startup_stm32f40_41xxx.o(RESET)
    __main                                   0x08000189   Thumb Code     8  __main.o(!!!main)
    __scatterload                            0x08000191   Thumb Code     0  __scatter.o(!!!scatter)
    __scatterload_rt2                        0x08000191   Thumb Code    44  __scatter.o(!!!scatter)
    __scatterload_rt2_thumb_only             0x08000191   Thumb Code     0  __scatter.o(!!!scatter)
    __scatterload_null                       0x0800019f   Thumb Code     0  __scatter.o(!!!scatter)
    __decompress                             0x080001c5   Thumb Code    58  __dczerorl.o(!!dczerorl)
    __decompress0                            0x080001c5   Thumb Code     0  __dczerorl.o(!!dczerorl)
    __scatterload_zeroinit                   0x08000201   Thumb Code    28  __scatter_zi.o(!!handler_zi)
    __rt_lib_init                            0x0800021d   Thumb Code     0  libinit.o(.ARM.Collect$$libinit$$00000000)
    __rt_lib_init_fp_1                       0x0800021f   Thumb Code     0  libinit2.o(.ARM.Collect$$libinit$$00000001)
    __rt_lib_init_heap_1                     0x08000223   Thumb Code     0  libinit2.o(.ARM.Collect$$libinit$$0000000A)
    __rt_lib_init_lc_common                  0x08000223   Thumb Code     0  libinit2.o(.ARM.Collect$$libinit$$0000000F)
    __rt_lib_init_preinit_1                  0x08000223   Thumb Code     0  libinit2.o(.ARM.Collect$$libinit$$00000004)
    __rt_lib_init_rand_1                     0x08000223   Thumb Code     0  libinit2.o(.ARM.Collect$$libinit$$0000000E)
    __rt_lib_init_user_alloc_1               0x08000223   Thumb Code     0  libinit2.o(.ARM.Collect$$libinit$$0000000C)
    __rt_lib_init_lc_collate_1               0x08000229   Thumb Code     0  libinit2.o(.ARM.Collect$$libinit$$00000011)
    __rt_lib_init_lc_ctype_2                 0x08000229   Thumb Code     0  libinit2.o(.ARM.Collect$$libinit$$00000012)
    __rt_lib_init_alloca_1                   0x08000235   Thumb Code     0  libinit2.o(.ARM.Collect$$libinit$$0000002E)
    __rt_lib_init_argv_1                     0x08000235   Thumb Code     0  libinit2.o(.ARM.Collect$$libinit$$0000002C)
    __rt_lib_init_atexit_1                   0x08000235   Thumb Code     0  libinit2.o(.ARM.Collect$$libinit$$0000001B)
    __rt_lib_init_clock_1                    0x08000235   Thumb Code     0  libinit2.o(.ARM.Collect$$libinit$$00000021)
    __rt_lib_init_cpp_1                      0x08000235   Thumb Code     0  libinit2.o(.ARM.Collect$$libinit$$00000032)
    __rt_lib_init_exceptions_1               0x08000235   Thumb Code     0  libinit2.o(.ARM.Collect$$libinit$$00000030)
    __rt_lib_init_fp_trap_1                  0x08000235   Thumb Code     0  libinit2.o(.ARM.Collect$$libinit$$0000001F)
    __rt_lib_init_getenv_1                   0x08000235   Thumb Code     0  libinit2.o(.ARM.Collect$$libinit$$00000023)
    __rt_lib_init_lc_ctype_1                 0x08000235   Thumb Code     0  libinit2.o(.ARM.Collect$$libinit$$00000013)
    __rt_lib_init_lc_monetary_1              0x08000235   Thumb Code     0  libinit2.o(.ARM.Collect$$libinit$$00000015)
    __rt_lib_init_lc_numeric_1               0x08000235   Thumb Code     0  libinit2.o(.ARM.Collect$$libinit$$00000017)
    __rt_lib_init_lc_time_1                  0x08000235   Thumb Code     0  libinit2.o(.ARM.Collect$$libinit$$00000019)
    __rt_lib_init_return                     0x08000235   Thumb Code     0  libinit2.o(.ARM.Collect$$libinit$$00000033)
    __rt_lib_init_signal_1                   0x08000235   Thumb Code     0  libinit2.o(.ARM.Collect$$libinit$$0000001D)
    __rt_lib_init_stdio_1                    0x08000235   Thumb Code     0  libinit2.o(.ARM.Collect$$libinit$$00000025)
    __rt_lib_shutdown                        0x08000237   Thumb Code     0  libshutdown.o(.ARM.Collect$$libshutdown$$00000000)
    __rt_lib_shutdown_cpp_1                  0x08000239   Thumb Code     0  libshutdown2.o(.ARM.Collect$$libshutdown$$00000004)
    __rt_lib_shutdown_fini_1                 0x08000239   Thumb Code     0  libshutdown2.o(.ARM.Collect$$libshutdown$$00000002)
    __rt_lib_shutdown_fp_trap_1              0x08000239   Thumb Code     0  libshutdown2.o(.ARM.Collect$$libshutdown$$00000009)
    __rt_lib_shutdown_heap_1                 0x08000239   Thumb Code     0  libshutdown2.o(.ARM.Collect$$libshutdown$$00000011)
    __rt_lib_shutdown_return                 0x08000239   Thumb Code     0  libshutdown2.o(.ARM.Collect$$libshutdown$$00000012)
    __rt_lib_shutdown_signal_1               0x08000239   Thumb Code     0  libshutdown2.o(.ARM.Collect$$libshutdown$$0000000C)
    __rt_lib_shutdown_stdio_1                0x08000239   Thumb Code     0  libshutdown2.o(.ARM.Collect$$libshutdown$$00000006)
    __rt_lib_shutdown_user_alloc_1           0x08000239   Thumb Code     0  libshutdown2.o(.ARM.Collect$$libshutdown$$0000000E)
    __rt_entry                               0x0800023b   Thumb Code     0  __rtentry.o(.ARM.Collect$$rtentry$$00000000)
    __rt_entry_presh_1                       0x0800023b   Thumb Code     0  __rtentry2.o(.ARM.Collect$$rtentry$$00000002)
    __rt_entry_sh                            0x0800023b   Thumb Code     0  __rtentry4.o(.ARM.Collect$$rtentry$$00000004)
    __rt_entry_li                            0x08000241   Thumb Code     0  __rtentry2.o(.ARM.Collect$$rtentry$$0000000A)
    __rt_entry_postsh_1                      0x08000241   Thumb Code     0  __rtentry2.o(.ARM.Collect$$rtentry$$00000009)
    __rt_entry_main                          0x08000245   Thumb Code     0  __rtentry2.o(.ARM.Collect$$rtentry$$0000000D)
    __rt_entry_postli_1                      0x08000245   Thumb Code     0  __rtentry2.o(.ARM.Collect$$rtentry$$0000000C)
    __rt_exit                                0x0800024d   Thumb Code     0  rtexit.o(.ARM.Collect$$rtexit$$00000000)
    __rt_exit_ls                             0x0800024f   Thumb Code     0  rtexit2.o(.ARM.Collect$$rtexit$$00000003)
    __rt_exit_prels_1                        0x0800024f   Thumb Code     0  rtexit2.o(.ARM.Collect$$rtexit$$00000002)
    __rt_exit_exit                           0x08000253   Thumb Code     0  rtexit2.o(.ARM.Collect$$rtexit$$00000004)
    Reset_Handler                            0x08000259   Thumb Code     8  startup_stm32f40_41xxx.o(.text)
    ADC_IRQHandler                           0x08000273   Thumb Code     0  startup_stm32f40_41xxx.o(.text)
    CAN1_RX0_IRQHandler                      0x08000273   Thumb Code     0  startup_stm32f40_41xxx.o(.text)
    CAN1_RX1_IRQHandler                      0x08000273   Thumb Code     0  startup_stm32f40_41xxx.o(.text)
    CAN1_SCE_IRQHandler                      0x08000273   Thumb Code     0  startup_stm32f40_41xxx.o(.text)
    CAN1_TX_IRQHandler                       0x08000273   Thumb Code     0  startup_stm32f40_41xxx.o(.text)
    CAN2_RX0_IRQHandler                      0x08000273   Thumb Code     0  startup_stm32f40_41xxx.o(.text)
    CAN2_RX1_IRQHandler                      0x08000273   Thumb Code     0  startup_stm32f40_41xxx.o(.text)
    CAN2_SCE_IRQHandler                      0x08000273   Thumb Code     0  startup_stm32f40_41xxx.o(.text)
    CAN2_TX_IRQHandler                       0x08000273   Thumb Code     0  startup_stm32f40_41xxx.o(.text)
    CRYP_IRQHandler                          0x08000273   Thumb Code     0  startup_stm32f40_41xxx.o(.text)
    DCMI_IRQHandler                          0x08000273   Thumb Code     0  startup_stm32f40_41xxx.o(.text)
    DMA1_Stream0_IRQHandler                  0x08000273   Thumb Code     0  startup_stm32f40_41xxx.o(.text)
    DMA1_Stream1_IRQHandler                  0x08000273   Thumb Code     0  startup_stm32f40_41xxx.o(.text)
    DMA1_Stream2_IRQHandler                  0x08000273   Thumb Code     0  startup_stm32f40_41xxx.o(.text)
    DMA1_Stream4_IRQHandler                  0x08000273   Thumb Code     0  startup_stm32f40_41xxx.o(.text)
    DMA1_Stream5_IRQHandler                  0x08000273   Thumb Code     0  startup_stm32f40_41xxx.o(.text)
    DMA1_Stream7_IRQHandler                  0x08000273   Thumb Code     0  startup_stm32f40_41xxx.o(.text)
    DMA2_Stream0_IRQHandler                  0x08000273   Thumb Code     0  startup_stm32f40_41xxx.o(.text)
    DMA2_Stream1_IRQHandler                  0x08000273   Thumb Code     0  startup_stm32f40_41xxx.o(.text)
    DMA2_Stream2_IRQHandler                  0x08000273   Thumb Code     0  startup_stm32f40_41xxx.o(.text)
    DMA2_Stream3_IRQHandler                  0x08000273   Thumb Code     0  startup_stm32f40_41xxx.o(.text)
    DMA2_Stream4_IRQHandler                  0x08000273   Thumb Code     0  startup_stm32f40_41xxx.o(.text)
    DMA2_Stream5_IRQHandler                  0x08000273   Thumb Code     0  startup_stm32f40_41xxx.o(.text)
    DMA2_Stream6_IRQHandler                  0x08000273   Thumb Code     0  startup_stm32f40_41xxx.o(.text)
    DMA2_Stream7_IRQHandler                  0x08000273   Thumb Code     0  startup_stm32f40_41xxx.o(.text)
    ETH_IRQHandler                           0x08000273   Thumb Code     0  startup_stm32f40_41xxx.o(.text)
    ETH_WKUP_IRQHandler                      0x08000273   Thumb Code     0  startup_stm32f40_41xxx.o(.text)
    EXTI0_IRQHandler                         0x08000273   Thumb Code     0  startup_stm32f40_41xxx.o(.text)
    EXTI15_10_IRQHandler                     0x08000273   Thumb Code     0  startup_stm32f40_41xxx.o(.text)
    EXTI1_IRQHandler                         0x08000273   Thumb Code     0  startup_stm32f40_41xxx.o(.text)
    EXTI3_IRQHandler                         0x08000273   Thumb Code     0  startup_stm32f40_41xxx.o(.text)
    EXTI4_IRQHandler                         0x08000273   Thumb Code     0  startup_stm32f40_41xxx.o(.text)
    EXTI9_5_IRQHandler                       0x08000273   Thumb Code     0  startup_stm32f40_41xxx.o(.text)
    FLASH_IRQHandler                         0x08000273   Thumb Code     0  startup_stm32f40_41xxx.o(.text)
    FPU_IRQHandler                           0x08000273   Thumb Code     0  startup_stm32f40_41xxx.o(.text)
    FSMC_IRQHandler                          0x08000273   Thumb Code     0  startup_stm32f40_41xxx.o(.text)
    HASH_RNG_IRQHandler                      0x08000273   Thumb Code     0  startup_stm32f40_41xxx.o(.text)
    I2C1_ER_IRQHandler                       0x08000273   Thumb Code     0  startup_stm32f40_41xxx.o(.text)
    I2C1_EV_IRQHandler                       0x08000273   Thumb Code     0  startup_stm32f40_41xxx.o(.text)
    I2C2_ER_IRQHandler                       0x08000273   Thumb Code     0  startup_stm32f40_41xxx.o(.text)
    I2C2_EV_IRQHandler                       0x08000273   Thumb Code     0  startup_stm32f40_41xxx.o(.text)
    I2C3_ER_IRQHandler                       0x08000273   Thumb Code     0  startup_stm32f40_41xxx.o(.text)
    I2C3_EV_IRQHandler                       0x08000273   Thumb Code     0  startup_stm32f40_41xxx.o(.text)
    OTG_FS_IRQHandler                        0x08000273   Thumb Code     0  startup_stm32f40_41xxx.o(.text)
    OTG_FS_WKUP_IRQHandler                   0x08000273   Thumb Code     0  startup_stm32f40_41xxx.o(.text)
    OTG_HS_EP1_IN_IRQHandler                 0x08000273   Thumb Code     0  startup_stm32f40_41xxx.o(.text)
    OTG_HS_EP1_OUT_IRQHandler                0x08000273   Thumb Code     0  startup_stm32f40_41xxx.o(.text)
    OTG_HS_IRQHandler                        0x08000273   Thumb Code     0  startup_stm32f40_41xxx.o(.text)
    OTG_HS_WKUP_IRQHandler                   0x08000273   Thumb Code     0  startup_stm32f40_41xxx.o(.text)
    PVD_IRQHandler                           0x08000273   Thumb Code     0  startup_stm32f40_41xxx.o(.text)
    RCC_IRQHandler                           0x08000273   Thumb Code     0  startup_stm32f40_41xxx.o(.text)
    RTC_Alarm_IRQHandler                     0x08000273   Thumb Code     0  startup_stm32f40_41xxx.o(.text)
    RTC_WKUP_IRQHandler                      0x08000273   Thumb Code     0  startup_stm32f40_41xxx.o(.text)
    SDIO_IRQHandler                          0x08000273   Thumb Code     0  startup_stm32f40_41xxx.o(.text)
    SPI1_IRQHandler                          0x08000273   Thumb Code     0  startup_stm32f40_41xxx.o(.text)
    SPI2_IRQHandler                          0x08000273   Thumb Code     0  startup_stm32f40_41xxx.o(.text)
    SPI3_IRQHandler                          0x08000273   Thumb Code     0  startup_stm32f40_41xxx.o(.text)
    TAMP_STAMP_IRQHandler                    0x08000273   Thumb Code     0  startup_stm32f40_41xxx.o(.text)
    TIM1_BRK_TIM9_IRQHandler                 0x08000273   Thumb Code     0  startup_stm32f40_41xxx.o(.text)
    TIM1_CC_IRQHandler                       0x08000273   Thumb Code     0  startup_stm32f40_41xxx.o(.text)
    TIM1_TRG_COM_TIM11_IRQHandler            0x08000273   Thumb Code     0  startup_stm32f40_41xxx.o(.text)
    TIM1_UP_TIM10_IRQHandler                 0x08000273   Thumb Code     0  startup_stm32f40_41xxx.o(.text)
    TIM2_IRQHandler                          0x08000273   Thumb Code     0  startup_stm32f40_41xxx.o(.text)
    TIM3_IRQHandler                          0x08000273   Thumb Code     0  startup_stm32f40_41xxx.o(.text)
    TIM4_IRQHandler                          0x08000273   Thumb Code     0  startup_stm32f40_41xxx.o(.text)
    TIM5_IRQHandler                          0x08000273   Thumb Code     0  startup_stm32f40_41xxx.o(.text)
    TIM8_BRK_TIM12_IRQHandler                0x08000273   Thumb Code     0  startup_stm32f40_41xxx.o(.text)
    TIM8_CC_IRQHandler                       0x08000273   Thumb Code     0  startup_stm32f40_41xxx.o(.text)
    TIM8_TRG_COM_TIM14_IRQHandler            0x08000273   Thumb Code     0  startup_stm32f40_41xxx.o(.text)
    TIM8_UP_TIM13_IRQHandler                 0x08000273   Thumb Code     0  startup_stm32f40_41xxx.o(.text)
    UART4_IRQHandler                         0x08000273   Thumb Code     0  startup_stm32f40_41xxx.o(.text)
    USART1_IRQHandler                        0x08000273   Thumb Code     0  startup_stm32f40_41xxx.o(.text)
    USART6_IRQHandler                        0x08000273   Thumb Code     0  startup_stm32f40_41xxx.o(.text)
    WWDG_IRQHandler                          0x08000273   Thumb Code     0  startup_stm32f40_41xxx.o(.text)
    __user_initial_stackheap                 0x08000275   Thumb Code     0  startup_stm32f40_41xxx.o(.text)
    strtol                                   0x08000299   Thumb Code   112  strtol.o(.text)
    __aeabi_memcpy                           0x08000309   Thumb Code     0  rt_memcpy_v6.o(.text)
    __rt_memcpy                              0x08000309   Thumb Code   138  rt_memcpy_v6.o(.text)
    _memcpy_lastbytes                        0x0800036f   Thumb Code     0  rt_memcpy_v6.o(.text)
    __aeabi_memclr                           0x08000393   Thumb Code     0  rt_memclr.o(.text)
    __rt_memclr                              0x08000393   Thumb Code    68  rt_memclr.o(.text)
    _memset                                  0x08000397   Thumb Code     0  rt_memclr.o(.text)
    __aeabi_memclr4                          0x080003d7   Thumb Code     0  rt_memclr_w.o(.text)
    __aeabi_memclr8                          0x080003d7   Thumb Code     0  rt_memclr_w.o(.text)
    __rt_memclr_w                            0x080003d7   Thumb Code    78  rt_memclr_w.o(.text)
    _memset_w                                0x080003db   Thumb Code     0  rt_memclr_w.o(.text)
    __use_two_region_memory                  0x08000425   Thumb Code     2  heapauxi.o(.text)
    __rt_heap_escrow$2region                 0x08000427   Thumb Code     2  heapauxi.o(.text)
    __rt_heap_expand$2region                 0x08000429   Thumb Code     2  heapauxi.o(.text)
    __rt_ctype_table                         0x0800042d   Thumb Code    16  rt_ctype_table.o(.text)
    __aeabi_errno_addr                       0x0800043d   Thumb Code     8  rt_errno_addr_intlibspace.o(.text)
    __errno$intlibspace                      0x0800043d   Thumb Code     0  rt_errno_addr_intlibspace.o(.text)
    __rt_errno_addr$intlibspace              0x0800043d   Thumb Code     0  rt_errno_addr_intlibspace.o(.text)
    __read_errno                             0x08000445   Thumb Code    10  _rserrno.o(.text)
    __set_errno                              0x0800044f   Thumb Code    12  _rserrno.o(.text)
    _strtoul                                 0x0800045b   Thumb Code   158  _strtoul.o(.text)
    __aeabi_memcpy4                          0x080004f9   Thumb Code     0  rt_memcpy_w.o(.text)
    __aeabi_memcpy8                          0x080004f9   Thumb Code     0  rt_memcpy_w.o(.text)
    __rt_memcpy_w                            0x080004f9   Thumb Code   100  rt_memcpy_w.o(.text)
    _memcpy_lastbytes_aligned                0x08000541   Thumb Code     0  rt_memcpy_w.o(.text)
    __user_libspace                          0x0800055d   Thumb Code     8  libspace.o(.text)
    __user_perproc_libspace                  0x0800055d   Thumb Code     0  libspace.o(.text)
    __user_perthread_libspace                0x0800055d   Thumb Code     0  libspace.o(.text)
    __rt_locale                              0x08000565   Thumb Code     8  rt_locale_intlibspace.o(.text)
    _chval                                   0x0800056d   Thumb Code    28  _chval.o(.text)
    __user_setup_stackheap                   0x08000589   Thumb Code    74  sys_stackheap_outer.o(.text)
    exit                                     0x080005d3   Thumb Code    18  exit.o(.text)
    strcmp                                   0x080005e5   Thumb Code   128  strcmpv7m.o(.text)
    _sys_exit                                0x08000665   Thumb Code     8  sys_exit.o(.text)
    __I$use$semihosting                      0x08000671   Thumb Code     0  use_no_semi.o(.text)
    __use_no_semihosting_swi                 0x08000671   Thumb Code     2  use_no_semi.o(.text)
    All_Nvic_Init                            0x08000673   Thumb Code   278  task_ctrl.o(i.All_Nvic_Init)
    __semihosting_library_function           0x08000673   Thumb Code     0  indicate_semi.o(.text)
    BusFault_Handler                         0x08000789   Thumb Code     4  stm32f4xx_it.o(i.BusFault_Handler)
    DMA1_Stream3_IRQHandler                  0x0800078d   Thumb Code    34  stepper_yaw.o(i.DMA1_Stream3_IRQHandler)
    DMA1_Stream6_IRQHandler                  0x080007bd   Thumb Code    34  stepper_pitch.o(i.DMA1_Stream6_IRQHandler)
    DMA_ClearFlag                            0x080007ed   Thumb Code    38  stm32f4xx_dma.o(i.DMA_ClearFlag)
    DMA_ClearITPendingBit                    0x08000821   Thumb Code    38  stm32f4xx_dma.o(i.DMA_ClearITPendingBit)
    DMA_Cmd                                  0x08000855   Thumb Code    22  stm32f4xx_dma.o(i.DMA_Cmd)
    DMA_DeInit                               0x0800086d   Thumb Code   324  stm32f4xx_dma.o(i.DMA_DeInit)
    DMA_GetCmdStatus                         0x080009c5   Thumb Code    20  stm32f4xx_dma.o(i.DMA_GetCmdStatus)
    DMA_GetCurrDataCounter                   0x080009d9   Thumb Code     8  stm32f4xx_dma.o(i.DMA_GetCurrDataCounter)
    DMA_GetITStatus                          0x080009e1   Thumb Code    82  stm32f4xx_dma.o(i.DMA_GetITStatus)
    DMA_ITConfig                             0x08000a45   Thumb Code    58  stm32f4xx_dma.o(i.DMA_ITConfig)
    DMA_Init                                 0x08000a81   Thumb Code    82  stm32f4xx_dma.o(i.DMA_Init)
    DebugMon_Handler                         0x08000ad9   Thumb Code     2  stm32f4xx_it.o(i.DebugMon_Handler)
    Delay_ms                                 0x08000adb   Thumb Code    24  delay.o(i.Delay_ms)
    Delay_us                                 0x08000af3   Thumb Code    44  delay.o(i.Delay_us)
    EXTI2_IRQHandler                         0x08000b21   Thumb Code   112  icm42688.o(i.EXTI2_IRQHandler)
    EXTI_ClearITPendingBit                   0x08000bb1   Thumb Code     6  stm32f4xx_exti.o(i.EXTI_ClearITPendingBit)
    EXTI_GetITStatus                         0x08000bbd   Thumb Code    20  stm32f4xx_exti.o(i.EXTI_GetITStatus)
    EXTI_Init                                0x08000bd5   Thumb Code   142  stm32f4xx_exti.o(i.EXTI_Init)
    EXTI_PE2_Init                            0x08000c69   Thumb Code    80  icm42688.o(i.EXTI_PE2_Init)
    Emm_V5_Origin_Trigger_Return             0x08000cbd   Thumb Code    68  stepper_ctrl.o(i.Emm_V5_Origin_Trigger_Return)
    Emm_V5_Pos_Control                       0x08000d01   Thumb Code   124  stepper_ctrl.o(i.Emm_V5_Pos_Control)
    Emm_V5_Reset_CurPos_To_Zero              0x08000d7d   Thumb Code    62  stepper_ctrl.o(i.Emm_V5_Reset_CurPos_To_Zero)
    GPIO_Init                                0x08000dbb   Thumb Code   144  stm32f4xx_gpio.o(i.GPIO_Init)
    GPIO_PinAFConfig                         0x08000e4b   Thumb Code    70  stm32f4xx_gpio.o(i.GPIO_PinAFConfig)
    GPIO_ReadInputDataBit                    0x08000e91   Thumb Code    18  stm32f4xx_gpio.o(i.GPIO_ReadInputDataBit)
    GPIO_ResetBits                           0x08000ea3   Thumb Code     4  stm32f4xx_gpio.o(i.GPIO_ResetBits)
    GPIO_SetBits                             0x08000ea7   Thumb Code     4  stm32f4xx_gpio.o(i.GPIO_SetBits)
    Get_which_direction                      0x08000ead   Thumb Code   220  main.o(i.Get_which_direction)
    HardFault_Handler                        0x08000fa9   Thumb Code     4  stm32f4xx_it.o(i.HardFault_Handler)
    ICM42688_Accel_Filter_Order              0x08000fad   Thumb Code    36  icm42688.o(i.ICM42688_Accel_Filter_Order)
    ICM42688_Accel_Settings                  0x08000fd1   Thumb Code    44  icm42688.o(i.ICM42688_Accel_Settings)
    ICM42688_Calibration                     0x08000ffd   Thumb Code   244  icm42688.o(i.ICM42688_Calibration)
    ICM42688_Filter_BW_Settings              0x08001141   Thumb Code    62  icm42688.o(i.ICM42688_Filter_BW_Settings)
    ICM42688_Gyro_Filter_Settings            0x0800117f   Thumb Code    50  icm42688.o(i.ICM42688_Gyro_Filter_Settings)
    ICM42688_Gyro_Settings                   0x080011b1   Thumb Code    48  icm42688.o(i.ICM42688_Gyro_Settings)
    ICM42688_Init                            0x080011e1   Thumb Code   206  icm42688.o(i.ICM42688_Init)
    ICM42688_Read                            0x080012b5   Thumb Code   438  icm42688.o(i.ICM42688_Read)
    ICM42688_WhoAmI                          0x080014d5   Thumb Code    32  icm42688.o(i.ICM42688_WhoAmI)
    Init_Laser                               0x080014f5   Thumb Code    80  laser.o(i.Init_Laser)
    Key_Beep_Led_Init                        0x0800154d   Thumb Code    84  key_beep_led.o(i.Key_Beep_Led_Init)
    Key_Read                                 0x080015a5   Thumb Code    60  key_beep_led.o(i.Key_Read)
    LCD_Clear                                0x080015f5   Thumb Code    84  lcd_init.o(i.LCD_Clear)
    LCD_DrawLine                             0x08001655   Thumb Code   172  lcd.o(i.LCD_DrawLine)
    LCD_DrawPoint                            0x08001701   Thumb Code    28  lcd_init.o(i.LCD_DrawPoint)
    LCD_DrawRectangle                        0x0800171d   Thumb Code    74  lcd.o(i.LCD_DrawRectangle)
    LCD_Hardware_Init                        0x08001769   Thumb Code   246  lcd_init.o(i.LCD_Hardware_Init)
    LCD_Init                                 0x08001881   Thumb Code   584  lcd_init.o(i.LCD_Init)
    LCD_RESET                                0x08001acd   Thumb Code    30  lcd_init.o(i.LCD_RESET)
    LCD_SetWindows                           0x08001af5   Thumb Code    84  lcd_init.o(i.LCD_SetWindows)
    LCD_ShowChar                             0x08001b4d   Thumb Code   320  lcd.o(i.LCD_ShowChar)
    LCD_ShowStr                              0x08001c9d   Thumb Code    92  lcd.o(i.LCD_ShowStr)
    LCD_WR_DATA                              0x08001cfd   Thumb Code    34  lcd_init.o(i.LCD_WR_DATA)
    LCD_WR_REG                               0x08001d2d   Thumb Code    32  lcd_init.o(i.LCD_WR_REG)
    LCD_WriteReg                             0x08001d59   Thumb Code    20  lcd_init.o(i.LCD_WriteReg)
    LCD_direction                            0x08001d6d   Thumb Code   128  lcd_init.o(i.LCD_direction)
    Laser_3V3_OnOff                          0x08001df1   Thumb Code    26  laser.o(i.Laser_3V3_OnOff)
    Lcd_WriteData_16Bit                      0x08001e11   Thumb Code    42  lcd_init.o(i.Lcd_WriteData_16Bit)
    MemManage_Handler                        0x08001e49   Thumb Code     4  stm32f4xx_it.o(i.MemManage_Handler)
    NMI_Handler                              0x08001e4d   Thumb Code     2  stm32f4xx_it.o(i.NMI_Handler)
    NVIC_Init                                0x08001e51   Thumb Code   106  misc.o(i.NVIC_Init)
    NVIC_PriorityGroupConfig                 0x08001ec9   Thumb Code    10  misc.o(i.NVIC_PriorityGroupConfig)
    PendSV_Handler                           0x08001edd   Thumb Code     2  stm32f4xx_it.o(i.PendSV_Handler)
    RCC_AHB1PeriphClockCmd                   0x08001ee1   Thumb Code    26  stm32f4xx_rcc.o(i.RCC_AHB1PeriphClockCmd)
    RCC_APB1PeriphClockCmd                   0x08001f01   Thumb Code    26  stm32f4xx_rcc.o(i.RCC_APB1PeriphClockCmd)
    RCC_APB1PeriphResetCmd                   0x08001f21   Thumb Code    26  stm32f4xx_rcc.o(i.RCC_APB1PeriphResetCmd)
    RCC_APB2PeriphClockCmd                   0x08001f41   Thumb Code    26  stm32f4xx_rcc.o(i.RCC_APB2PeriphClockCmd)
    RCC_GetClocksFreq                        0x08001f61   Thumb Code   214  stm32f4xx_rcc.o(i.RCC_GetClocksFreq)
    Reset_Stepper                            0x08002049   Thumb Code    36  main.o(i.Reset_Stepper)
    SPI3_SendByte                            0x08002085   Thumb Code    50  lcd_touch.o(i.SPI3_SendByte)
    SPI_Cmd                                  0x080020bd   Thumb Code    24  stm32f4xx_spi.o(i.SPI_Cmd)
    SPI_I2S_GetFlagStatus                    0x080020d5   Thumb Code    18  stm32f4xx_spi.o(i.SPI_I2S_GetFlagStatus)
    SPI_I2S_ReceiveData                      0x080020e7   Thumb Code     6  stm32f4xx_spi.o(i.SPI_I2S_ReceiveData)
    SPI_I2S_SendData                         0x080020ed   Thumb Code     4  stm32f4xx_spi.o(i.SPI_I2S_SendData)
    SPI_Init                                 0x080020f1   Thumb Code    60  stm32f4xx_spi.o(i.SPI_Init)
    SPI_WriteByte                            0x0800212d   Thumb Code    34  lcd_init.o(i.SPI_WriteByte)
    SVC_Handler                              0x0800214f   Thumb Code     2  stm32f4xx_it.o(i.SVC_Handler)
    SYSCFG_EXTILineConfig                    0x08002151   Thumb Code    60  stm32f4xx_syscfg.o(i.SYSCFG_EXTILineConfig)
    Serial_Init                              0x08002191   Thumb Code   194  k230_serial.o(i.Serial_Init)
    Serial_ParsePercentPacket                0x08002271   Thumb Code   134  k230_serial.o(i.Serial_ParsePercentPacket)
    Servo_P_PID_Control                      0x08002301   Thumb Code   180  stepper.o(i.Servo_P_PID_Control)
    Servo_Y_PID_Control                      0x080023d9   Thumb Code   180  stepper.o(i.Servo_Y_PID_Control)
    Set_Pitch                                0x0800259d   Thumb Code   258  stepper_pitch.o(i.Set_Pitch)
    Set_Yaw                                  0x080026c5   Thumb Code   258  stepper_yaw.o(i.Set_Yaw)
    SoftSPI_Init                             0x080027ed   Thumb Code    94  icm42688.o(i.SoftSPI_Init)
    SoftSPI_ReadReg                          0x08002851   Thumb Code    40  icm42688.o(i.SoftSPI_ReadReg)
    SoftSPI_ReadRegs                         0x0800287d   Thumb Code    56  icm42688.o(i.SoftSPI_ReadRegs)
    SoftSPI_Transfer                         0x080028b9   Thumb Code   108  icm42688.o(i.SoftSPI_Transfer)
    SoftSPI_WriteReg                         0x08002929   Thumb Code    38  icm42688.o(i.SoftSPI_WriteReg)
    Spi_Delay_40ns                           0x08002955   Thumb Code    18  icm42688.o(i.Spi_Delay_40ns)
    SysTick_Handler                          0x08002967   Thumb Code     2  stm32f4xx_it.o(i.SysTick_Handler)
    SystemInit                               0x08002969   Thumb Code    88  system_stm32f4xx.o(i.SystemInit)
    TIM6_DAC_IRQHandler                      0x080029d1   Thumb Code    28  main.o(i.TIM6_DAC_IRQHandler)
    TIM7_IRQHandler                          0x080029f5   Thumb Code    32  timer_clock.o(i.TIM7_IRQHandler)
    TIM_ClearITPendingBit                    0x08002a1d   Thumb Code     6  stm32f4xx_tim.o(i.TIM_ClearITPendingBit)
    TIM_Cmd                                  0x08002a23   Thumb Code    24  stm32f4xx_tim.o(i.TIM_Cmd)
    TIM_GetCounter                           0x08002a3b   Thumb Code     6  stm32f4xx_tim.o(i.TIM_GetCounter)
    TIM_GetITStatus                          0x08002a41   Thumb Code    34  stm32f4xx_tim.o(i.TIM_GetITStatus)
    TIM_ITConfig                             0x08002a63   Thumb Code    18  stm32f4xx_tim.o(i.TIM_ITConfig)
    TIM_TimeBaseInit                         0x08002a75   Thumb Code   104  stm32f4xx_tim.o(i.TIM_TimeBaseInit)
    TP_Init                                  0x08002af9   Thumb Code   244  lcd_touch.o(i.TP_Init)
    TP_Read_AD                               0x08002c01   Thumb Code    62  lcd_touch.o(i.TP_Read_AD)
    TP_Read_XOY                              0x08002c49   Thumb Code   120  lcd_touch.o(i.TP_Read_XOY)
    TP_Read_XY                               0x08002cc1   Thumb Code    38  lcd_touch.o(i.TP_Read_XY)
    TP_Read_XY2                              0x08002cf1   Thumb Code   192  lcd_touch.o(i.TP_Read_XY2)
    TP_Scan                                  0x08002db1   Thumb Code   150  lcd_touch.o(i.TP_Scan)
    Task_TIM6_Init                           0x08002e71   Thumb Code    60  task_ctrl.o(i.Task_TIM6_Init)
    TimClock_Init                            0x08002eb1   Thumb Code    62  timer_clock.o(i.TimClock_Init)
    TimClock_Start                           0x08002ef5   Thumb Code    24  timer_clock.o(i.TimClock_Start)
    TimeClock_Stop                           0x08002f11   Thumb Code    70  timer_clock.o(i.TimeClock_Stop)
    UART5_IRQHandler                         0x08002f65   Thumb Code   440  k230_serial.o(i.UART5_IRQHandler)
    USART2_DMA_Init                          0x0800314d   Thumb Code   292  stepper_pitch.o(i.USART2_DMA_Init)
    USART2_DMA_Send                          0x08003281   Thumb Code   128  stepper_pitch.o(i.USART2_DMA_Send)
    USART2_IRQHandler                        0x080033cd   Thumb Code    98  stepper_pitch.o(i.USART2_IRQHandler)
    USART3_DMA_Init                          0x08003449   Thumb Code   294  stepper_yaw.o(i.USART3_DMA_Init)
    USART3_DMA_Send                          0x08003581   Thumb Code   128  stepper_yaw.o(i.USART3_DMA_Send)
    USART3_IRQHandler                        0x080036c5   Thumb Code    92  stepper_yaw.o(i.USART3_IRQHandler)
    USART_ClearITPendingBit                  0x08003739   Thumb Code    30  stm32f4xx_usart.o(i.USART_ClearITPendingBit)
    USART_Cmd                                0x08003757   Thumb Code    24  stm32f4xx_usart.o(i.USART_Cmd)
    USART_DMACmd                             0x0800376f   Thumb Code    18  stm32f4xx_usart.o(i.USART_DMACmd)
    USART_GetFlagStatus                      0x08003781   Thumb Code    26  stm32f4xx_usart.o(i.USART_GetFlagStatus)
    USART_GetITStatus                        0x0800379b   Thumb Code    84  stm32f4xx_usart.o(i.USART_GetITStatus)
    USART_ITConfig                           0x080037ef   Thumb Code    74  stm32f4xx_usart.o(i.USART_ITConfig)
    USART_Init                               0x08003839   Thumb Code   204  stm32f4xx_usart.o(i.USART_Init)
    USART_ReceiveData                        0x0800390d   Thumb Code    10  stm32f4xx_usart.o(i.USART_ReceiveData)
    UsageFault_Handler                       0x08003917   Thumb Code     4  stm32f4xx_it.o(i.UsageFault_Handler)
    __ARM_fpclassify                         0x0800391b   Thumb Code    48  fpclassify.o(i.__ARM_fpclassify)
    __hardfp_asin                            0x08003951   Thumb Code   770  asin.o(i.__hardfp_asin)
    __hardfp_atan                            0x08003cb1   Thumb Code   622  atan.o(i.__hardfp_atan)
    __hardfp_atan2                           0x08003f89   Thumb Code   448  atan2.o(i.__hardfp_atan2)
    __hardfp_fabs                            0x08004189   Thumb Code    20  fabs.o(i.__hardfp_fabs)
    __hardfp_fmaxf                           0x0800419d   Thumb Code    72  fmaxf.o(i.__hardfp_fmaxf)
    __hardfp_fminf                           0x080041e5   Thumb Code    72  fminf.o(i.__hardfp_fminf)
    __kernel_poly                            0x0800422d   Thumb Code   248  poly.o(i.__kernel_poly)
    __mathlib_dbl_infnan                     0x08004325   Thumb Code    20  dunder.o(i.__mathlib_dbl_infnan)
    __mathlib_dbl_infnan2                    0x08004339   Thumb Code    20  dunder.o(i.__mathlib_dbl_infnan2)
    __mathlib_dbl_invalid                    0x08004351   Thumb Code    24  dunder.o(i.__mathlib_dbl_invalid)
    __mathlib_dbl_underflow                  0x08004371   Thumb Code    24  dunder.o(i.__mathlib_dbl_underflow)
    ahrs_init                                0x08004391   Thumb Code   102  ahrs.o(i.ahrs_init)
    ahrs_update                              0x08004425   Thumb Code  1770  ahrs.o(i.ahrs_update)
    all_task_ctrl                            0x08004b51   Thumb Code    58  main.o(i.all_task_ctrl)
    atan                                     0x08004bed   Thumb Code    16  atan.o(i.atan)
    basic_task0                              0x08004bfd   Thumb Code   282  main.o(i.basic_task0)
    basic_task1                              0x08004d41   Thumb Code   194  main.o(i.basic_task1)
    basic_task2                              0x08004e29   Thumb Code   102  main.o(i.basic_task2)
    basic_task3                              0x08004eb1   Thumb Code   406  main.o(i.basic_task3)
    fabs                                     0x08005085   Thumb Code    24  fabs.o(i.fabs)
    main                                     0x08005161   Thumb Code   274  main.o(i.main)
    sqrt                                     0x080052a1   Thumb Code   110  sqrt.o(i.sqrt)
    _get_lc_ctype                            0x08005311   Thumb Code    44  lc_ctype_c.o(locale$$code)
    __aeabi_dneg                             0x0800533d   Thumb Code     0  basic.o(x$fpl$basic)
    _dneg                                    0x0800533d   Thumb Code     6  basic.o(x$fpl$basic)
    __aeabi_fneg                             0x08005343   Thumb Code     0  basic.o(x$fpl$basic)
    _fneg                                    0x08005343   Thumb Code     6  basic.o(x$fpl$basic)
    _dabs                                    0x08005349   Thumb Code     6  basic.o(x$fpl$basic)
    _fabs                                    0x0800534f   Thumb Code     6  basic.o(x$fpl$basic)
    __aeabi_d2f                              0x08005355   Thumb Code     0  d2f.o(x$fpl$d2f)
    _d2f                                     0x08005355   Thumb Code    98  d2f.o(x$fpl$d2f)
    __aeabi_dadd                             0x080053b9   Thumb Code     0  daddsub_clz.o(x$fpl$dadd)
    _dadd                                    0x080053b9   Thumb Code   332  daddsub_clz.o(x$fpl$dadd)
    __fpl_dcmp_Inf                           0x08005509   Thumb Code    24  dcmpi.o(x$fpl$dcmpinf)
    __aeabi_ddiv                             0x08005521   Thumb Code     0  ddiv.o(x$fpl$ddiv)
    _ddiv                                    0x08005521   Thumb Code   552  ddiv.o(x$fpl$ddiv)
    __aeabi_cdcmpeq                          0x080057d1   Thumb Code     0  deqf.o(x$fpl$deqf)
    _dcmpeq                                  0x080057d1   Thumb Code   120  deqf.o(x$fpl$deqf)
    __aeabi_d2uiz                            0x08005849   Thumb Code     0  dfixu.o(x$fpl$dfixu)
    _dfixu                                   0x08005849   Thumb Code    90  dfixu.o(x$fpl$dfixu)
    __aeabi_i2d                              0x080058a3   Thumb Code     0  dflt_clz.o(x$fpl$dflt)
    _dflt                                    0x080058a3   Thumb Code    46  dflt_clz.o(x$fpl$dflt)
    __aeabi_cdcmple                          0x080058d1   Thumb Code     0  dleqf.o(x$fpl$dleqf)
    _dcmple                                  0x080058d1   Thumb Code   120  dleqf.o(x$fpl$dleqf)
    __fpl_dcmple_InfNaN                      0x08005933   Thumb Code     0  dleqf.o(x$fpl$dleqf)
    __aeabi_dmul                             0x08005949   Thumb Code     0  dmul.o(x$fpl$dmul)
    _dmul                                    0x08005949   Thumb Code   332  dmul.o(x$fpl$dmul)
    __fpl_dnaninf                            0x08005a9d   Thumb Code   156  dnaninf.o(x$fpl$dnaninf)
    __fpl_dretinf                            0x08005b39   Thumb Code    12  dretinf.o(x$fpl$dretinf)
    __aeabi_drsub                            0x08005b45   Thumb Code     0  daddsub_clz.o(x$fpl$drsb)
    _drsb                                    0x08005b45   Thumb Code    22  daddsub_clz.o(x$fpl$drsb)
    _dsqrt                                   0x08005b5d   Thumb Code   404  dsqrt_umaal.o(x$fpl$dsqrt)
    __aeabi_dsub                             0x08005cf5   Thumb Code     0  daddsub_clz.o(x$fpl$dsub)
    _dsub                                    0x08005cf5   Thumb Code   464  daddsub_clz.o(x$fpl$dsub)
    __aeabi_f2d                              0x08005ec9   Thumb Code     0  f2d.o(x$fpl$f2d)
    _f2d                                     0x08005ec9   Thumb Code    86  f2d.o(x$fpl$f2d)
    __fcmp4                                  0x08005f21   Thumb Code    24  fcmp4.o(x$fpl$fcmp4)
    __ARM_fcmp4                              0x08005f39   Thumb Code     0  fcmp4.o(x$fpl$fcmp4)
    _fcmp4                                   0x08005f39   Thumb Code    58  fcmp4.o(x$fpl$fcmp4)
    __fpl_fcmp_Inf                           0x08005f73   Thumb Code    24  fcmpi.o(x$fpl$fcmpinf)
    __aeabi_ul2f                             0x08005f8b   Thumb Code     0  ffltll_clz.o(x$fpl$ffltll)
    _ll_uto_f                                0x08005f8b   Thumb Code     6  ffltll_clz.o(x$fpl$ffltll)
    __aeabi_l2f                              0x08005f91   Thumb Code     0  ffltll_clz.o(x$fpl$ffltll)
    _ll_sto_f                                0x08005f91   Thumb Code    90  ffltll_clz.o(x$fpl$ffltll)
    __fpl_fnaninf                            0x08005feb   Thumb Code   140  fnaninf.o(x$fpl$fnaninf)
    _fp_init                                 0x08006077   Thumb Code    10  fpinit.o(x$fpl$fpinit)
    __fplib_config_fpu_vfp                   0x0800607f   Thumb Code     0  fpinit.o(x$fpl$fpinit)
    __fplib_config_pureend_doubles           0x0800607f   Thumb Code     0  fpinit.o(x$fpl$fpinit)
    __fpl_fretinf                            0x08006081   Thumb Code    10  fretinf.o(x$fpl$fretinf)
    __I$use$fp                               0x0800608a   Number         0  usenofp.o(x$fpl$usenofp)
    ascii_1206                               0x0800608a   Data        1140  lcd.o(.constdata)
    ascii_1608                               0x080064fe   Data        1520  lcd.o(.constdata)
    ascii_2412                               0x08006aee   Data        4560  lcd.o(.constdata)
    ascii_3216                               0x08007cbe   Data        6080  lcd.o(.constdata)
    tfont16                                  0x0800947e   Data         175  lcd.o(.constdata)
    tfont24                                  0x0800952d   Data         375  lcd.o(.constdata)
    tfont32                                  0x080096a4   Data        1703  lcd.o(.constdata)
    __mathlib_zero                           0x08009e38   Data           8  qnan.o(.constdata)
    Region$$Table$$Base                      0x08009e40   Number         0  anon$$obj.o(Region$$Table)
    Region$$Table$$Limit                     0x08009e60   Number         0  anon$$obj.o(Region$$Table)
    __ctype                                  0x08009e6d   Data           0  lc_ctype_c.o(locale$$data)
    Set_Pitch_Theta                          0x20000010   Data           4  main.o(.data)
    Set_Yaw_Theta                            0x20000014   Data           4  main.o(.data)
    Pitch_RPM                                0x20000018   Data           2  main.o(.data)
    Yaw_RPM                                  0x2000001a   Data           2  main.o(.data)
    set_aac                                  0x2000001c   Data           1  main.o(.data)
    Diff_X                                   0x2000001e   Data           2  main.o(.data)
    Diff_Y                                   0x20000020   Data           2  main.o(.data)
    R_Diff_X                                 0x20000022   Data           2  main.o(.data)
    R_Diff_Y                                 0x20000024   Data           2  main.o(.data)
    flag_10ms                                0x20000026   Data           1  main.o(.data)
    task_num                                 0x20000027   Data           1  main.o(.data)
    tim7_overflow_count                      0x2000003c   Data           4  timer_clock.o(.data)
    key1_flag                                0x20000040   Data           1  key_beep_led.o(.data)
    key2_flag                                0x20000041   Data           1  key_beep_led.o(.data)
    Kp_Stepper1                              0x20000044   Data           4  stepper.o(.data)
    Ki_Stepper1                              0x20000048   Data           4  stepper.o(.data)
    Kd_Stepper1                              0x2000004c   Data           4  stepper.o(.data)
    Kp_Stepper2                              0x20000050   Data           4  stepper.o(.data)
    Ki_Stepper2                              0x20000054   Data           4  stepper.o(.data)
    Kd_Stepper2                              0x20000058   Data           4  stepper.o(.data)
    P_prev_error                             0x2000005c   Data           4  stepper.o(.data)
    P_prev_prev_error                        0x20000060   Data           4  stepper.o(.data)
    Y_prev_error                             0x20000064   Data           4  stepper.o(.data)
    Y_prev_prev_error                        0x20000068   Data           4  stepper.o(.data)
    now_pitch                                0x2000006c   Data           4  stepper_pitch.o(.data)
    p_rx_flag                                0x20000070   Data           1  stepper_pitch.o(.data)
    p_rx_cnt                                 0x20000071   Data           1  stepper_pitch.o(.data)
    p_tx_read                                0x20000072   Data           2  stepper_pitch.o(.data)
    p_tx_write                               0x20000074   Data           2  stepper_pitch.o(.data)
    p_tx_cnt                                 0x20000076   Data           2  stepper_pitch.o(.data)
    max_pitch                                0x20000078   Data           4  stepper_pitch.o(.data)
    min_pitch                                0x2000007c   Data           4  stepper_pitch.o(.data)
    now_yaw                                  0x20000084   Data           4  stepper_yaw.o(.data)
    y_rx_flag                                0x20000088   Data           1  stepper_yaw.o(.data)
    y_rx_cnt                                 0x20000089   Data           1  stepper_yaw.o(.data)
    y_tx_read                                0x2000008a   Data           2  stepper_yaw.o(.data)
    y_tx_write                               0x2000008c   Data           2  stepper_yaw.o(.data)
    y_tx_cnt                                 0x2000008e   Data           2  stepper_yaw.o(.data)
    max_yaw                                  0x20000090   Data           4  stepper_yaw.o(.data)
    min_yaw                                  0x20000094   Data           4  stepper_yaw.o(.data)
    ahrs_yaw                                 0x2000009c   Data           4  ahrs.o(.data)
    ahrs_pitch                               0x200000a0   Data           4  ahrs.o(.data)
    ahrs_roll                                0x200000a4   Data           4  ahrs.o(.data)
    ahrs_total_yaw                           0x200000c8   Data           4  ahrs.o(.data)
    icm42688_ok                              0x200000cc   Data           1  icm42688.o(.data)
    real_a_x                                 0x200000ce   Data           2  icm42688.o(.data)
    real_a_y                                 0x200000d0   Data           2  icm42688.o(.data)
    real_a_z                                 0x200000d2   Data           2  icm42688.o(.data)
    real_g_x                                 0x200000d4   Data           2  icm42688.o(.data)
    real_g_y                                 0x200000d6   Data           2  icm42688.o(.data)
    real_g_z                                 0x200000d8   Data           2  icm42688.o(.data)
    offset_a_x                               0x200000da   Data           2  icm42688.o(.data)
    offset_a_y                               0x200000dc   Data           2  icm42688.o(.data)
    offset_a_z                               0x200000de   Data           2  icm42688.o(.data)
    offset_g_x                               0x200000e0   Data           2  icm42688.o(.data)
    offset_g_y                               0x200000e2   Data           2  icm42688.o(.data)
    offset_g_z                               0x200000e4   Data           2  icm42688.o(.data)
    tempeture                                0x200000e8   Data           4  icm42688.o(.data)
    a_x                                      0x200000ec   Data           4  icm42688.o(.data)
    a_y                                      0x200000f0   Data           4  icm42688.o(.data)
    a_z                                      0x200000f4   Data           4  icm42688.o(.data)
    g_x                                      0x200000f8   Data           4  icm42688.o(.data)
    g_y                                      0x200000fc   Data           4  icm42688.o(.data)
    g_z                                      0x20000100   Data           4  icm42688.o(.data)
    Touch_X                                  0x20000120   Data           2  lcd_touch.o(.data)
    Touch_Y                                  0x20000122   Data           2  lcd_touch.o(.data)
    x                                        0x20000124   Data           2  lcd_touch.o(.data)
    y                                        0x20000126   Data           2  lcd_touch.o(.data)
    Lcd_Touch_Flag                           0x20000128   Data           1  lcd_touch.o(.data)
    xfac                                     0x2000012c   Data           4  lcd_touch.o(.data)
    yfac                                     0x20000130   Data           4  lcd_touch.o(.data)
    xoff                                     0x20000134   Data           2  lcd_touch.o(.data)
    yoff                                     0x20000136   Data           2  lcd_touch.o(.data)
    CMD_RDX                                  0x20000138   Data           1  lcd_touch.o(.data)
    CMD_RDY                                  0x20000139   Data           1  lcd_touch.o(.data)
    Serial_RxFlag1                           0x2000013a   Data           1  k230_serial.o(.data)
    Serial_RxFlag2                           0x2000013b   Data           1  k230_serial.o(.data)
    Serial_RxFlag3                           0x2000013c   Data           1  k230_serial.o(.data)
    Serial_RxFlag4                           0x2000013d   Data           1  k230_serial.o(.data)
    p_rx_buf                                 0x20000198   Data          64  stepper_pitch.o(.bss)
    p_tx_buf                                 0x200001d8   Data         128  stepper_pitch.o(.bss)
    y_rx_buf                                 0x20000258   Data          64  stepper_yaw.o(.bss)
    y_tx_buf                                 0x20000298   Data         128  stepper_yaw.o(.bss)
    lcddev                                   0x20000318   Data          14  lcd_init.o(.bss)
    Serial_RxPacket1                         0x20000326   Data          20  k230_serial.o(.bss)
    Serial_RxPacket2                         0x2000033a   Data          20  k230_serial.o(.bss)
    Serial_RxPacket3                         0x2000034e   Data          20  k230_serial.o(.bss)
    Serial_RxPacket4                         0x20000362   Data          20  k230_serial.o(.bss)
    Serial_TxPacket                          0x20000376   Data          10  k230_serial.o(.bss)
    __libspace_start                         0x20000380   Data          96  libspace.o(.bss)
    __temporary_stack_top$libspace           0x200003e0   Data           0  libspace.o(.bss)



==============================================================================

Memory Map of the image

  Image Entry point : 0x08000189

  Load Region LR_IROM1 (Base: 0x08000000, Size: 0x0000a0b4, Max: 0x00100000, ABSOLUTE, COMPRESSED[0x00009fb8])

    Execution Region ER_IROM1 (Exec base: 0x08000000, Load base: 0x08000000, Size: 0x00009f70, Max: 0x00100000, ABSOLUTE)

    Exec Addr    Load Addr    Size         Type   Attr      Idx    E Section Name        Object

    0x08000000   0x08000000   0x00000188   Data   RO         4840    RESET               startup_stm32f40_41xxx.o
    0x08000188   0x08000188   0x00000008   Code   RO         6390  * !!!main             c_w.l(__main.o)
    0x08000190   0x08000190   0x00000034   Code   RO         6769    !!!scatter          c_w.l(__scatter.o)
    0x080001c4   0x080001c4   0x0000003a   Code   RO         6767    !!dczerorl          c_w.l(__dczerorl.o)
    0x080001fe   0x080001fe   0x00000002   PAD
    0x08000200   0x08000200   0x0000001c   Code   RO         6771    !!handler_zi        c_w.l(__scatter_zi.o)
    0x0800021c   0x0800021c   0x00000002   Code   RO         6638    .ARM.Collect$$libinit$$00000000  c_w.l(libinit.o)
    0x0800021e   0x0800021e   0x00000004   Code   RO         6639    .ARM.Collect$$libinit$$00000001  c_w.l(libinit2.o)
    0x08000222   0x08000222   0x00000000   Code   RO         6642    .ARM.Collect$$libinit$$00000004  c_w.l(libinit2.o)
    0x08000222   0x08000222   0x00000000   Code   RO         6645    .ARM.Collect$$libinit$$0000000A  c_w.l(libinit2.o)
    0x08000222   0x08000222   0x00000000   Code   RO         6647    .ARM.Collect$$libinit$$0000000C  c_w.l(libinit2.o)
    0x08000222   0x08000222   0x00000000   Code   RO         6649    .ARM.Collect$$libinit$$0000000E  c_w.l(libinit2.o)
    0x08000222   0x08000222   0x00000006   Code   RO         6650    .ARM.Collect$$libinit$$0000000F  c_w.l(libinit2.o)
    0x08000228   0x08000228   0x00000000   Code   RO         6652    .ARM.Collect$$libinit$$00000011  c_w.l(libinit2.o)
    0x08000228   0x08000228   0x0000000c   Code   RO         6653    .ARM.Collect$$libinit$$00000012  c_w.l(libinit2.o)
    0x08000234   0x08000234   0x00000000   Code   RO         6654    .ARM.Collect$$libinit$$00000013  c_w.l(libinit2.o)
    0x08000234   0x08000234   0x00000000   Code   RO         6656    .ARM.Collect$$libinit$$00000015  c_w.l(libinit2.o)
    0x08000234   0x08000234   0x00000000   Code   RO         6658    .ARM.Collect$$libinit$$00000017  c_w.l(libinit2.o)
    0x08000234   0x08000234   0x00000000   Code   RO         6660    .ARM.Collect$$libinit$$00000019  c_w.l(libinit2.o)
    0x08000234   0x08000234   0x00000000   Code   RO         6662    .ARM.Collect$$libinit$$0000001B  c_w.l(libinit2.o)
    0x08000234   0x08000234   0x00000000   Code   RO         6664    .ARM.Collect$$libinit$$0000001D  c_w.l(libinit2.o)
    0x08000234   0x08000234   0x00000000   Code   RO         6666    .ARM.Collect$$libinit$$0000001F  c_w.l(libinit2.o)
    0x08000234   0x08000234   0x00000000   Code   RO         6668    .ARM.Collect$$libinit$$00000021  c_w.l(libinit2.o)
    0x08000234   0x08000234   0x00000000   Code   RO         6670    .ARM.Collect$$libinit$$00000023  c_w.l(libinit2.o)
    0x08000234   0x08000234   0x00000000   Code   RO         6672    .ARM.Collect$$libinit$$00000025  c_w.l(libinit2.o)
    0x08000234   0x08000234   0x00000000   Code   RO         6676    .ARM.Collect$$libinit$$0000002C  c_w.l(libinit2.o)
    0x08000234   0x08000234   0x00000000   Code   RO         6678    .ARM.Collect$$libinit$$0000002E  c_w.l(libinit2.o)
    0x08000234   0x08000234   0x00000000   Code   RO         6680    .ARM.Collect$$libinit$$00000030  c_w.l(libinit2.o)
    0x08000234   0x08000234   0x00000000   Code   RO         6682    .ARM.Collect$$libinit$$00000032  c_w.l(libinit2.o)
    0x08000234   0x08000234   0x00000002   Code   RO         6683    .ARM.Collect$$libinit$$00000033  c_w.l(libinit2.o)
    0x08000236   0x08000236   0x00000002   Code   RO         6713    .ARM.Collect$$libshutdown$$00000000  c_w.l(libshutdown.o)
    0x08000238   0x08000238   0x00000000   Code   RO         6724    .ARM.Collect$$libshutdown$$00000002  c_w.l(libshutdown2.o)
    0x08000238   0x08000238   0x00000000   Code   RO         6726    .ARM.Collect$$libshutdown$$00000004  c_w.l(libshutdown2.o)
    0x08000238   0x08000238   0x00000000   Code   RO         6728    .ARM.Collect$$libshutdown$$00000006  c_w.l(libshutdown2.o)
    0x08000238   0x08000238   0x00000000   Code   RO         6731    .ARM.Collect$$libshutdown$$00000009  c_w.l(libshutdown2.o)
    0x08000238   0x08000238   0x00000000   Code   RO         6734    .ARM.Collect$$libshutdown$$0000000C  c_w.l(libshutdown2.o)
    0x08000238   0x08000238   0x00000000   Code   RO         6736    .ARM.Collect$$libshutdown$$0000000E  c_w.l(libshutdown2.o)
    0x08000238   0x08000238   0x00000000   Code   RO         6739    .ARM.Collect$$libshutdown$$00000011  c_w.l(libshutdown2.o)
    0x08000238   0x08000238   0x00000002   Code   RO         6740    .ARM.Collect$$libshutdown$$00000012  c_w.l(libshutdown2.o)
    0x0800023a   0x0800023a   0x00000000   Code   RO         6500    .ARM.Collect$$rtentry$$00000000  c_w.l(__rtentry.o)
    0x0800023a   0x0800023a   0x00000000   Code   RO         6599    .ARM.Collect$$rtentry$$00000002  c_w.l(__rtentry2.o)
    0x0800023a   0x0800023a   0x00000006   Code   RO         6611    .ARM.Collect$$rtentry$$00000004  c_w.l(__rtentry4.o)
    0x08000240   0x08000240   0x00000000   Code   RO         6601    .ARM.Collect$$rtentry$$00000009  c_w.l(__rtentry2.o)
    0x08000240   0x08000240   0x00000004   Code   RO         6602    .ARM.Collect$$rtentry$$0000000A  c_w.l(__rtentry2.o)
    0x08000244   0x08000244   0x00000000   Code   RO         6604    .ARM.Collect$$rtentry$$0000000C  c_w.l(__rtentry2.o)
    0x08000244   0x08000244   0x00000008   Code   RO         6605    .ARM.Collect$$rtentry$$0000000D  c_w.l(__rtentry2.o)
    0x0800024c   0x0800024c   0x00000002   Code   RO         6684    .ARM.Collect$$rtexit$$00000000  c_w.l(rtexit.o)
    0x0800024e   0x0800024e   0x00000000   Code   RO         6691    .ARM.Collect$$rtexit$$00000002  c_w.l(rtexit2.o)
    0x0800024e   0x0800024e   0x00000004   Code   RO         6692    .ARM.Collect$$rtexit$$00000003  c_w.l(rtexit2.o)
    0x08000252   0x08000252   0x00000006   Code   RO         6693    .ARM.Collect$$rtexit$$00000004  c_w.l(rtexit2.o)
    0x08000258   0x08000258   0x00000040   Code   RO         4841    .text               startup_stm32f40_41xxx.o
    0x08000298   0x08000298   0x00000070   Code   RO         6380    .text               c_w.l(strtol.o)
    0x08000308   0x08000308   0x0000008a   Code   RO         6382    .text               c_w.l(rt_memcpy_v6.o)
    0x08000392   0x08000392   0x00000044   Code   RO         6384    .text               c_w.l(rt_memclr.o)
    0x080003d6   0x080003d6   0x0000004e   Code   RO         6386    .text               c_w.l(rt_memclr_w.o)
    0x08000424   0x08000424   0x00000006   Code   RO         6388    .text               c_w.l(heapauxi.o)
    0x0800042a   0x0800042a   0x00000002   PAD
    0x0800042c   0x0800042c   0x00000010   Code   RO         6501    .text               c_w.l(rt_ctype_table.o)
    0x0800043c   0x0800043c   0x00000008   Code   RO         6506    .text               c_w.l(rt_errno_addr_intlibspace.o)
    0x08000444   0x08000444   0x00000016   Code   RO         6508    .text               c_w.l(_rserrno.o)
    0x0800045a   0x0800045a   0x0000009e   Code   RO         6510    .text               c_w.l(_strtoul.o)
    0x080004f8   0x080004f8   0x00000064   Code   RO         6512    .text               c_w.l(rt_memcpy_w.o)
    0x0800055c   0x0800055c   0x00000008   Code   RO         6595    .text               c_w.l(libspace.o)
    0x08000564   0x08000564   0x00000008   Code   RO         6616    .text               c_w.l(rt_locale_intlibspace.o)
    0x0800056c   0x0800056c   0x0000001c   Code   RO         6618    .text               c_w.l(_chval.o)
    0x08000588   0x08000588   0x0000004a   Code   RO         6627    .text               c_w.l(sys_stackheap_outer.o)
    0x080005d2   0x080005d2   0x00000012   Code   RO         6629    .text               c_w.l(exit.o)
    0x080005e4   0x080005e4   0x00000080   Code   RO         6631    .text               c_w.l(strcmpv7m.o)
    0x08000664   0x08000664   0x0000000c   Code   RO         6703    .text               c_w.l(sys_exit.o)
    0x08000670   0x08000670   0x00000002   Code   RO         6714    .text               c_w.l(use_no_semi.o)
    0x08000672   0x08000672   0x00000000   Code   RO         6716    .text               c_w.l(indicate_semi.o)
    0x08000672   0x08000672   0x00000116   Code   RO         5077    i.All_Nvic_Init     task_ctrl.o
    0x08000788   0x08000788   0x00000004   Code   RO         4974    i.BusFault_Handler  stm32f4xx_it.o
    0x0800078c   0x0800078c   0x00000030   Code   RO         5389    i.DMA1_Stream3_IRQHandler  stepper_yaw.o
    0x080007bc   0x080007bc   0x00000030   Code   RO         5333    i.DMA1_Stream6_IRQHandler  stepper_pitch.o
    0x080007ec   0x080007ec   0x00000034   Code   RO         1121    i.DMA_ClearFlag     stm32f4xx_dma.o
    0x08000820   0x08000820   0x00000034   Code   RO         1122    i.DMA_ClearITPendingBit  stm32f4xx_dma.o
    0x08000854   0x08000854   0x00000016   Code   RO         1123    i.DMA_Cmd           stm32f4xx_dma.o
    0x0800086a   0x0800086a   0x00000002   PAD
    0x0800086c   0x0800086c   0x00000158   Code   RO         1124    i.DMA_DeInit        stm32f4xx_dma.o
    0x080009c4   0x080009c4   0x00000014   Code   RO         1128    i.DMA_GetCmdStatus  stm32f4xx_dma.o
    0x080009d8   0x080009d8   0x00000008   Code   RO         1129    i.DMA_GetCurrDataCounter  stm32f4xx_dma.o
    0x080009e0   0x080009e0   0x00000064   Code   RO         1133    i.DMA_GetITStatus   stm32f4xx_dma.o
    0x08000a44   0x08000a44   0x0000003a   Code   RO         1134    i.DMA_ITConfig      stm32f4xx_dma.o
    0x08000a7e   0x08000a7e   0x00000002   PAD
    0x08000a80   0x08000a80   0x00000058   Code   RO         1135    i.DMA_Init          stm32f4xx_dma.o
    0x08000ad8   0x08000ad8   0x00000002   Code   RO         4975    i.DebugMon_Handler  stm32f4xx_it.o
    0x08000ada   0x08000ada   0x00000018   Code   RO         5045    i.Delay_ms          delay.o
    0x08000af2   0x08000af2   0x0000002c   Code   RO         5047    i.Delay_us          delay.o
    0x08000b1e   0x08000b1e   0x00000002   PAD
    0x08000b20   0x08000b20   0x00000090   Code   RO         5493    i.EXTI2_IRQHandler  icm42688.o
    0x08000bb0   0x08000bb0   0x0000000c   Code   RO         1384    i.EXTI_ClearITPendingBit  stm32f4xx_exti.o
    0x08000bbc   0x08000bbc   0x00000018   Code   RO         1388    i.EXTI_GetITStatus  stm32f4xx_exti.o
    0x08000bd4   0x08000bd4   0x00000094   Code   RO         1389    i.EXTI_Init         stm32f4xx_exti.o
    0x08000c68   0x08000c68   0x00000054   Code   RO         5494    i.EXTI_PE2_Init     icm42688.o
    0x08000cbc   0x08000cbc   0x00000044   Code   RO         5235    i.Emm_V5_Origin_Trigger_Return  stepper_ctrl.o
    0x08000d00   0x08000d00   0x0000007c   Code   RO         5236    i.Emm_V5_Pos_Control  stepper_ctrl.o
    0x08000d7c   0x08000d7c   0x0000003e   Code   RO         5239    i.Emm_V5_Reset_CurPos_To_Zero  stepper_ctrl.o
    0x08000dba   0x08000dba   0x00000090   Code   RO         1735    i.GPIO_Init         stm32f4xx_gpio.o
    0x08000e4a   0x08000e4a   0x00000046   Code   RO         1736    i.GPIO_PinAFConfig  stm32f4xx_gpio.o
    0x08000e90   0x08000e90   0x00000012   Code   RO         1739    i.GPIO_ReadInputDataBit  stm32f4xx_gpio.o
    0x08000ea2   0x08000ea2   0x00000004   Code   RO         1742    i.GPIO_ResetBits    stm32f4xx_gpio.o
    0x08000ea6   0x08000ea6   0x00000004   Code   RO         1743    i.GPIO_SetBits      stm32f4xx_gpio.o
    0x08000eaa   0x08000eaa   0x00000002   PAD
    0x08000eac   0x08000eac   0x000000fc   Code   RO         4847    i.Get_which_direction  main.o
    0x08000fa8   0x08000fa8   0x00000004   Code   RO         4976    i.HardFault_Handler  stm32f4xx_it.o
    0x08000fac   0x08000fac   0x00000024   Code   RO         5495    i.ICM42688_Accel_Filter_Order  icm42688.o
    0x08000fd0   0x08000fd0   0x0000002c   Code   RO         5496    i.ICM42688_Accel_Settings  icm42688.o
    0x08000ffc   0x08000ffc   0x00000144   Code   RO         5497    i.ICM42688_Calibration  icm42688.o
    0x08001140   0x08001140   0x0000003e   Code   RO         5498    i.ICM42688_Filter_BW_Settings  icm42688.o
    0x0800117e   0x0800117e   0x00000032   Code   RO         5499    i.ICM42688_Gyro_Filter_Settings  icm42688.o
    0x080011b0   0x080011b0   0x00000030   Code   RO         5500    i.ICM42688_Gyro_Settings  icm42688.o
    0x080011e0   0x080011e0   0x000000d4   Code   RO         5501    i.ICM42688_Init     icm42688.o
    0x080012b4   0x080012b4   0x00000220   Code   RO         5502    i.ICM42688_Read     icm42688.o
    0x080014d4   0x080014d4   0x00000020   Code   RO         5503    i.ICM42688_WhoAmI   icm42688.o
    0x080014f4   0x080014f4   0x00000058   Code   RO         6071    i.Init_Laser        laser.o
    0x0800154c   0x0800154c   0x00000058   Code   RO         5151    i.Key_Beep_Led_Init  key_beep_led.o
    0x080015a4   0x080015a4   0x00000050   Code   RO         5152    i.Key_Read          key_beep_led.o
    0x080015f4   0x080015f4   0x00000060   Code   RO         5768    i.LCD_Clear         lcd_init.o
    0x08001654   0x08001654   0x000000ac   Code   RO         5637    i.LCD_DrawLine      lcd.o
    0x08001700   0x08001700   0x0000001c   Code   RO         5769    i.LCD_DrawPoint     lcd_init.o
    0x0800171c   0x0800171c   0x0000004a   Code   RO         5638    i.LCD_DrawRectangle  lcd.o
    0x08001766   0x08001766   0x00000002   PAD
    0x08001768   0x08001768   0x00000118   Code   RO         5770    i.LCD_Hardware_Init  lcd_init.o
    0x08001880   0x08001880   0x0000024c   Code   RO         5771    i.LCD_Init          lcd_init.o
    0x08001acc   0x08001acc   0x00000028   Code   RO         5772    i.LCD_RESET         lcd_init.o
    0x08001af4   0x08001af4   0x00000058   Code   RO         5773    i.LCD_SetWindows    lcd_init.o
    0x08001b4c   0x08001b4c   0x00000150   Code   RO         5643    i.LCD_ShowChar      lcd.o
    0x08001c9c   0x08001c9c   0x00000060   Code   RO         5647    i.LCD_ShowStr       lcd.o
    0x08001cfc   0x08001cfc   0x00000030   Code   RO         5774    i.LCD_WR_DATA       lcd_init.o
    0x08001d2c   0x08001d2c   0x0000002c   Code   RO         5775    i.LCD_WR_REG        lcd_init.o
    0x08001d58   0x08001d58   0x00000014   Code   RO         5776    i.LCD_WriteReg      lcd_init.o
    0x08001d6c   0x08001d6c   0x00000084   Code   RO         5777    i.LCD_direction     lcd_init.o
    0x08001df0   0x08001df0   0x00000020   Code   RO         6072    i.Laser_3V3_OnOff   laser.o
    0x08001e10   0x08001e10   0x00000038   Code   RO         5778    i.Lcd_WriteData_16Bit  lcd_init.o
    0x08001e48   0x08001e48   0x00000004   Code   RO         4977    i.MemManage_Handler  stm32f4xx_it.o
    0x08001e4c   0x08001e4c   0x00000002   Code   RO         4978    i.NMI_Handler       stm32f4xx_it.o
    0x08001e4e   0x08001e4e   0x00000002   PAD
    0x08001e50   0x08001e50   0x00000078   Code   RO            3    i.NVIC_Init         misc.o
    0x08001ec8   0x08001ec8   0x00000014   Code   RO            4    i.NVIC_PriorityGroupConfig  misc.o
    0x08001edc   0x08001edc   0x00000002   Code   RO         4979    i.PendSV_Handler    stm32f4xx_it.o
    0x08001ede   0x08001ede   0x00000002   PAD
    0x08001ee0   0x08001ee0   0x00000020   Code   RO         2614    i.RCC_AHB1PeriphClockCmd  stm32f4xx_rcc.o
    0x08001f00   0x08001f00   0x00000020   Code   RO         2623    i.RCC_APB1PeriphClockCmd  stm32f4xx_rcc.o
    0x08001f20   0x08001f20   0x00000020   Code   RO         2625    i.RCC_APB1PeriphResetCmd  stm32f4xx_rcc.o
    0x08001f40   0x08001f40   0x00000020   Code   RO         2626    i.RCC_APB2PeriphClockCmd  stm32f4xx_rcc.o
    0x08001f60   0x08001f60   0x000000e8   Code   RO         2635    i.RCC_GetClocksFreq  stm32f4xx_rcc.o
    0x08002048   0x08002048   0x0000003c   Code   RO         4848    i.Reset_Stepper     main.o
    0x08002084   0x08002084   0x00000038   Code   RO         5860    i.SPI3_SendByte     lcd_touch.o
    0x080020bc   0x080020bc   0x00000018   Code   RO         3743    i.SPI_Cmd           stm32f4xx_spi.o
    0x080020d4   0x080020d4   0x00000012   Code   RO         3751    i.SPI_I2S_GetFlagStatus  stm32f4xx_spi.o
    0x080020e6   0x080020e6   0x00000006   Code   RO         3754    i.SPI_I2S_ReceiveData  stm32f4xx_spi.o
    0x080020ec   0x080020ec   0x00000004   Code   RO         3755    i.SPI_I2S_SendData  stm32f4xx_spi.o
    0x080020f0   0x080020f0   0x0000003c   Code   RO         3756    i.SPI_Init          stm32f4xx_spi.o
    0x0800212c   0x0800212c   0x00000022   Code   RO         5779    i.SPI_WriteByte     lcd_init.o
    0x0800214e   0x0800214e   0x00000002   Code   RO         4980    i.SVC_Handler       stm32f4xx_it.o
    0x08002150   0x08002150   0x00000040   Code   RO         3907    i.SYSCFG_EXTILineConfig  stm32f4xx_syscfg.o
    0x08002190   0x08002190   0x000000e0   Code   RO         6134    i.Serial_Init       k230_serial.o
    0x08002270   0x08002270   0x00000090   Code   RO         6135    i.Serial_ParsePercentPacket  k230_serial.o
    0x08002300   0x08002300   0x000000d8   Code   RO         5197    i.Servo_P_PID_Control  stepper.o
    0x080023d8   0x080023d8   0x000000d8   Code   RO         5198    i.Servo_Y_PID_Control  stepper.o
    0x080024b0   0x080024b0   0x000000ec   Code   RO         4784    i.SetSysClock       system_stm32f4xx.o
    0x0800259c   0x0800259c   0x00000128   Code   RO         5334    i.Set_Pitch         stepper_pitch.o
    0x080026c4   0x080026c4   0x00000128   Code   RO         5390    i.Set_Yaw           stepper_yaw.o
    0x080027ec   0x080027ec   0x00000064   Code   RO         5504    i.SoftSPI_Init      icm42688.o
    0x08002850   0x08002850   0x0000002c   Code   RO         5505    i.SoftSPI_ReadReg   icm42688.o
    0x0800287c   0x0800287c   0x0000003c   Code   RO         5506    i.SoftSPI_ReadRegs  icm42688.o
    0x080028b8   0x080028b8   0x00000070   Code   RO         5507    i.SoftSPI_Transfer  icm42688.o
    0x08002928   0x08002928   0x0000002c   Code   RO         5508    i.SoftSPI_WriteReg  icm42688.o
    0x08002954   0x08002954   0x00000012   Code   RO         5509    i.Spi_Delay_40ns    icm42688.o
    0x08002966   0x08002966   0x00000002   Code   RO         4981    i.SysTick_Handler   stm32f4xx_it.o
    0x08002968   0x08002968   0x00000068   Code   RO         4786    i.SystemInit        system_stm32f4xx.o
    0x080029d0   0x080029d0   0x00000024   Code   RO         4849    i.TIM6_DAC_IRQHandler  main.o
    0x080029f4   0x080029f4   0x00000028   Code   RO         5103    i.TIM7_IRQHandler   timer_clock.o
    0x08002a1c   0x08002a1c   0x00000006   Code   RO         3974    i.TIM_ClearITPendingBit  stm32f4xx_tim.o
    0x08002a22   0x08002a22   0x00000018   Code   RO         3979    i.TIM_Cmd           stm32f4xx_tim.o
    0x08002a3a   0x08002a3a   0x00000006   Code   RO         3998    i.TIM_GetCounter    stm32f4xx_tim.o
    0x08002a40   0x08002a40   0x00000022   Code   RO         4000    i.TIM_GetITStatus   stm32f4xx_tim.o
    0x08002a62   0x08002a62   0x00000012   Code   RO         4004    i.TIM_ITConfig      stm32f4xx_tim.o
    0x08002a74   0x08002a74   0x00000084   Code   RO         4051    i.TIM_TimeBaseInit  stm32f4xx_tim.o
    0x08002af8   0x08002af8   0x00000108   Code   RO         5861    i.TP_Init           lcd_touch.o
    0x08002c00   0x08002c00   0x00000048   Code   RO         5862    i.TP_Read_AD        lcd_touch.o
    0x08002c48   0x08002c48   0x00000078   Code   RO         5863    i.TP_Read_XOY       lcd_touch.o
    0x08002cc0   0x08002cc0   0x00000030   Code   RO         5864    i.TP_Read_XY        lcd_touch.o
    0x08002cf0   0x08002cf0   0x000000c0   Code   RO         5865    i.TP_Read_XY2       lcd_touch.o
    0x08002db0   0x08002db0   0x000000c0   Code   RO         5866    i.TP_Scan           lcd_touch.o
    0x08002e70   0x08002e70   0x00000040   Code   RO         5078    i.Task_TIM6_Init    task_ctrl.o
    0x08002eb0   0x08002eb0   0x00000044   Code   RO         5104    i.TimClock_Init     timer_clock.o
    0x08002ef4   0x08002ef4   0x0000001c   Code   RO         5105    i.TimClock_Start    timer_clock.o
    0x08002f10   0x08002f10   0x00000054   Code   RO         5106    i.TimeClock_Stop    timer_clock.o
    0x08002f64   0x08002f64   0x000001e8   Code   RO         6137    i.UART5_IRQHandler  k230_serial.o
    0x0800314c   0x0800314c   0x00000134   Code   RO         5335    i.USART2_DMA_Init   stepper_pitch.o
    0x08003280   0x08003280   0x00000090   Code   RO         5336    i.USART2_DMA_Send   stepper_pitch.o
    0x08003310   0x08003310   0x000000bc   Code   RO         5337    i.USART2_DMA_StartSend  stepper_pitch.o
    0x080033cc   0x080033cc   0x0000007c   Code   RO         5338    i.USART2_IRQHandler  stepper_pitch.o
    0x08003448   0x08003448   0x00000138   Code   RO         5391    i.USART3_DMA_Init   stepper_yaw.o
    0x08003580   0x08003580   0x00000090   Code   RO         5392    i.USART3_DMA_Send   stepper_yaw.o
    0x08003610   0x08003610   0x000000b4   Code   RO         5393    i.USART3_DMA_StartSend  stepper_yaw.o
    0x080036c4   0x080036c4   0x00000074   Code   RO         5394    i.USART3_IRQHandler  stepper_yaw.o
    0x08003738   0x08003738   0x0000001e   Code   RO         4529    i.USART_ClearITPendingBit  stm32f4xx_usart.o
    0x08003756   0x08003756   0x00000018   Code   RO         4532    i.USART_Cmd         stm32f4xx_usart.o
    0x0800376e   0x0800376e   0x00000012   Code   RO         4533    i.USART_DMACmd      stm32f4xx_usart.o
    0x08003780   0x08003780   0x0000001a   Code   RO         4535    i.USART_GetFlagStatus  stm32f4xx_usart.o
    0x0800379a   0x0800379a   0x00000054   Code   RO         4536    i.USART_GetITStatus  stm32f4xx_usart.o
    0x080037ee   0x080037ee   0x0000004a   Code   RO         4538    i.USART_ITConfig    stm32f4xx_usart.o
    0x08003838   0x08003838   0x000000d4   Code   RO         4539    i.USART_Init        stm32f4xx_usart.o
    0x0800390c   0x0800390c   0x0000000a   Code   RO         4546    i.USART_ReceiveData  stm32f4xx_usart.o
    0x08003916   0x08003916   0x00000004   Code   RO         4982    i.UsageFault_Handler  stm32f4xx_it.o
    0x0800391a   0x0800391a   0x00000030   Code   RO         6559    i.__ARM_fpclassify  m_wm.l(fpclassify.o)
    0x0800394a   0x0800394a   0x00000006   PAD
    0x08003950   0x08003950   0x00000360   Code   RO         6424    i.__hardfp_asin     m_wm.l(asin.o)
    0x08003cb0   0x08003cb0   0x000002d8   Code   RO         6531    i.__hardfp_atan     m_wm.l(atan.o)
    0x08003f88   0x08003f88   0x00000200   Code   RO         6438    i.__hardfp_atan2    m_wm.l(atan2.o)
    0x08004188   0x08004188   0x00000014   Code   RO         6462    i.__hardfp_fabs     m_wm.l(fabs.o)
    0x0800419c   0x0800419c   0x00000048   Code   RO         6492    i.__hardfp_fmaxf    m_wm.l(fmaxf.o)
    0x080041e4   0x080041e4   0x00000048   Code   RO         6496    i.__hardfp_fminf    m_wm.l(fminf.o)
    0x0800422c   0x0800422c   0x000000f8   Code   RO         6577    i.__kernel_poly     m_wm.l(poly.o)
    0x08004324   0x08004324   0x00000014   Code   RO         6546    i.__mathlib_dbl_infnan  m_wm.l(dunder.o)
    0x08004338   0x08004338   0x00000014   Code   RO         6547    i.__mathlib_dbl_infnan2  m_wm.l(dunder.o)
    0x0800434c   0x0800434c   0x00000004   PAD
    0x08004350   0x08004350   0x00000020   Code   RO         6548    i.__mathlib_dbl_invalid  m_wm.l(dunder.o)
    0x08004370   0x08004370   0x00000020   Code   RO         6551    i.__mathlib_dbl_underflow  m_wm.l(dunder.o)
    0x08004390   0x08004390   0x00000094   Code   RO         5442    i.ahrs_init         ahrs.o
    0x08004424   0x08004424   0x0000072c   Code   RO         5443    i.ahrs_update       ahrs.o
    0x08004b50   0x08004b50   0x00000040   Code   RO         4850    i.all_task_ctrl     main.o
    0x08004b90   0x08004b90   0x0000005c   Code   RO         5444    i.applyDeadband     ahrs.o
    0x08004bec   0x08004bec   0x00000010   Code   RO         6533    i.atan              m_wm.l(atan.o)
    0x08004bfc   0x08004bfc   0x00000144   Code   RO         4851    i.basic_task0       main.o
    0x08004d40   0x08004d40   0x000000e8   Code   RO         4852    i.basic_task1       main.o
    0x08004e28   0x08004e28   0x00000088   Code   RO         4853    i.basic_task2       main.o
    0x08004eb0   0x08004eb0   0x000001d4   Code   RO         4854    i.basic_task3       main.o
    0x08005084   0x08005084   0x00000018   Code   RO         6464    i.fabs              m_wm.l(fabs.o)
    0x0800509c   0x0800509c   0x00000034   Code   RO         5107    i.get_current_tick  timer_clock.o
    0x080050d0   0x080050d0   0x0000003c   Code   RO         5445    i.invSqrt           ahrs.o
    0x0800510c   0x0800510c   0x00000054   Code   RO         5446    i.limitIntegral     ahrs.o
    0x08005160   0x08005160   0x00000140   Code   RO         4855    i.main              main.o
    0x080052a0   0x080052a0   0x0000006e   Code   RO         6585    i.sqrt              m_wm.l(sqrt.o)
    0x0800530e   0x0800530e   0x00000002   PAD
    0x08005310   0x08005310   0x0000002c   Code   RO         6621    locale$$code        c_w.l(lc_ctype_c.o)
    0x0800533c   0x0800533c   0x00000018   Code   RO         6392    x$fpl$basic         fz_wm.l(basic.o)
    0x08005354   0x08005354   0x00000062   Code   RO         6394    x$fpl$d2f           fz_wm.l(d2f.o)
    0x080053b6   0x080053b6   0x00000002   PAD
    0x080053b8   0x080053b8   0x00000150   Code   RO         6396    x$fpl$dadd          fz_wm.l(daddsub_clz.o)
    0x08005508   0x08005508   0x00000018   Code   RO         6514    x$fpl$dcmpinf       fz_wm.l(dcmpi.o)
    0x08005520   0x08005520   0x000002b0   Code   RO         6403    x$fpl$ddiv          fz_wm.l(ddiv.o)
    0x080057d0   0x080057d0   0x00000078   Code   RO         6516    x$fpl$deqf          fz_wm.l(deqf.o)
    0x08005848   0x08005848   0x0000005a   Code   RO         6406    x$fpl$dfixu         fz_wm.l(dfixu.o)
    0x080058a2   0x080058a2   0x0000002e   Code   RO         6411    x$fpl$dflt          fz_wm.l(dflt_clz.o)
    0x080058d0   0x080058d0   0x00000078   Code   RO         6416    x$fpl$dleqf         fz_wm.l(dleqf.o)
    0x08005948   0x08005948   0x00000154   Code   RO         6418    x$fpl$dmul          fz_wm.l(dmul.o)
    0x08005a9c   0x08005a9c   0x0000009c   Code   RO         6518    x$fpl$dnaninf       fz_wm.l(dnaninf.o)
    0x08005b38   0x08005b38   0x0000000c   Code   RO         6520    x$fpl$dretinf       fz_wm.l(dretinf.o)
    0x08005b44   0x08005b44   0x00000016   Code   RO         6397    x$fpl$drsb          fz_wm.l(daddsub_clz.o)
    0x08005b5a   0x08005b5a   0x00000002   PAD
    0x08005b5c   0x08005b5c   0x00000198   Code   RO         6623    x$fpl$dsqrt         fz_wm.l(dsqrt_umaal.o)
    0x08005cf4   0x08005cf4   0x000001d4   Code   RO         6398    x$fpl$dsub          fz_wm.l(daddsub_clz.o)
    0x08005ec8   0x08005ec8   0x00000056   Code   RO         6420    x$fpl$f2d           fz_wm.l(f2d.o)
    0x08005f1e   0x08005f1e   0x00000002   PAD
    0x08005f20   0x08005f20   0x00000052   Code   RO         6522    x$fpl$fcmp4         fz_wm.l(fcmp4.o)
    0x08005f72   0x08005f72   0x00000018   Code   RO         6625    x$fpl$fcmpinf       fz_wm.l(fcmpi.o)
    0x08005f8a   0x08005f8a   0x00000060   Code   RO         6422    x$fpl$ffltll        fz_wm.l(ffltll_clz.o)
    0x08005fea   0x08005fea   0x0000008c   Code   RO         6526    x$fpl$fnaninf       fz_wm.l(fnaninf.o)
    0x08006076   0x08006076   0x0000000a   Code   RO         6688    x$fpl$fpinit        fz_wm.l(fpinit.o)
    0x08006080   0x08006080   0x0000000a   Code   RO         6528    x$fpl$fretinf       fz_wm.l(fretinf.o)
    0x0800608a   0x0800608a   0x00000000   Code   RO         6530    x$fpl$usenofp       fz_wm.l(usenofp.o)
    0x0800608a   0x0800608a   0x00003cc1   Data   RO         5651    .constdata          lcd.o
    0x08009d4b   0x08009d4b   0x00000005   PAD
    0x08009d50   0x08009d50   0x00000050   Data   RO         6427    .constdata          m_wm.l(asin.o)
    0x08009da0   0x08009da0   0x00000098   Data   RO         6534    .constdata          m_wm.l(atan.o)
    0x08009e38   0x08009e38   0x00000008   Data   RO         6579    .constdata          m_wm.l(qnan.o)
    0x08009e40   0x08009e40   0x00000020   Data   RO         6765    Region$$Table       anon$$obj.o
    0x08009e60   0x08009e60   0x00000110   Data   RO         6620    locale$$data        c_w.l(lc_ctype_c.o)


    Execution Region RW_IRAM1 (Exec base: 0x20000000, Load base: 0x08009f70, Size: 0x000009e0, Max: 0x00020000, ABSOLUTE, COMPRESSED[0x00000048])

    Exec Addr    Load Addr    Size         Type   Attr      Idx    E Section Name        Object

    0x20000000   COMPRESSED   0x00000010   Data   RW         2667    .data               stm32f4xx_rcc.o
    0x20000010   COMPRESSED   0x0000002a   Data   RW         4856    .data               main.o
    0x2000003a   COMPRESSED   0x00000002   PAD
    0x2000003c   COMPRESSED   0x00000004   Data   RW         5109    .data               timer_clock.o
    0x20000040   COMPRESSED   0x00000004   Data   RW         5155    .data               key_beep_led.o
    0x20000044   COMPRESSED   0x00000028   Data   RW         5199    .data               stepper.o
    0x2000006c   COMPRESSED   0x00000015   Data   RW         5340    .data               stepper_pitch.o
    0x20000081   COMPRESSED   0x00000003   PAD
    0x20000084   COMPRESSED   0x00000015   Data   RW         5396    .data               stepper_yaw.o
    0x20000099   COMPRESSED   0x00000003   PAD
    0x2000009c   COMPRESSED   0x00000030   Data   RW         5447    .data               ahrs.o
    0x200000cc   COMPRESSED   0x00000054   Data   RW         5510    .data               icm42688.o
    0x20000120   COMPRESSED   0x0000001a   Data   RW         5867    .data               lcd_touch.o
    0x2000013a   COMPRESSED   0x00000007   Data   RW         6139    .data               k230_serial.o
    0x20000141   COMPRESSED   0x00000007   PAD
    0x20000148        -       0x00000050   Zero   RW         5108    .bss                timer_clock.o
    0x20000198        -       0x000000c0   Zero   RW         5339    .bss                stepper_pitch.o
    0x20000258        -       0x000000c0   Zero   RW         5395    .bss                stepper_yaw.o
    0x20000318        -       0x0000000e   Zero   RW         5780    .bss                lcd_init.o
    0x20000326        -       0x0000005a   Zero   RW         6138    .bss                k230_serial.o
    0x20000380        -       0x00000060   Zero   RW         6596    .bss                c_w.l(libspace.o)
    0x200003e0        -       0x00000200   Zero   RW         4839    HEAP                startup_stm32f40_41xxx.o
    0x200005e0        -       0x00000400   Zero   RW         4838    STACK               startup_stm32f40_41xxx.o


==============================================================================

Image component sizes


      Code (inc. data)   RO Data    RW Data    ZI Data      Debug   Object Name

      2220        182          0         48          0       4593   ahrs.o
        68          0          0          0          0        978   delay.o
      1958        252          0         84          0      12374   icm42688.o
       856         88          0          7         90       3655   k230_serial.o
       168         24          0          4          0       1409   key_beep_led.o
       120         14          0          0          0       1035   laser.o
       678         20      15553          0          0       4818   lcd.o
      1454        108          0          0         14      10357   lcd_init.o
       944         88          0         26          0       5491   lcd_touch.o
      1892        292          0         42          0       6040   main.o
       140         24          0          0          0     306043   misc.o
        64         26        392          0       1536        824   startup_stm32f40_41xxx.o
       432         72          0         40          0       2088   stepper.o
       254          0          0          0          0       2206   stepper_ctrl.o
      1108        140          0         21        192       5053   stepper_pitch.o
      1096        136          0         21        192       5001   stepper_yaw.o
         0          0          0          0          0       1632   stm32f4xx_adc.o
       744         72          0          0          0      19259   stm32f4xx_dma.o
       184         16          0          0          0       4328   stm32f4xx_exti.o
       240          0          0          0          0      10319   stm32f4xx_gpio.o
        26          0          0          0          0       4046   stm32f4xx_it.o
       360         42          0         16          0      20280   stm32f4xx_rcc.o
       112          0          0          0          0      11490   stm32f4xx_spi.o
        64          4          0          0          0        628   stm32f4xx_syscfg.o
       220         28          0          0          0      23751   stm32f4xx_tim.o
       478          8          0          0          0      11913   stm32f4xx_usart.o
       340         32          0          0          0       1485   system_stm32f4xx.o
       342          4          0          0          0       1217   task_ctrl.o
       272         40          0          4         80       3346   timer_clock.o

    ----------------------------------------------------------------------
     16848       1712      15982        324       2108     485659   Object Totals
         0          0         32          0          0          0   (incl. Generated)
        14          0          5         11          4          0   (incl. Padding)

    ----------------------------------------------------------------------

      Code (inc. data)   RO Data    RW Data    ZI Data      Debug   Library Member Name

        58          0          0          0          0          0   __dczerorl.o
         8          0          0          0          0         68   __main.o
         0          0          0          0          0          0   __rtentry.o
        12          0          0          0          0          0   __rtentry2.o
         6          0          0          0          0          0   __rtentry4.o
        52          8          0          0          0          0   __scatter.o
        28          0          0          0          0          0   __scatter_zi.o
        28          0          0          0          0         68   _chval.o
        22          0          0          0          0        100   _rserrno.o
       158          0          0          0          0         92   _strtoul.o
        18          0          0          0          0         80   exit.o
         6          0          0          0          0        152   heapauxi.o
         0          0          0          0          0          0   indicate_semi.o
        44         10        272          0          0         76   lc_ctype_c.o
         2          0          0          0          0          0   libinit.o
        24          0          0          0          0          0   libinit2.o
         2          0          0          0          0          0   libshutdown.o
         2          0          0          0          0          0   libshutdown2.o
         8          4          0          0         96         68   libspace.o
        16          4          0          0          0         76   rt_ctype_table.o
         8          4          0          0          0         68   rt_errno_addr_intlibspace.o
         8          4          0          0          0         68   rt_locale_intlibspace.o
        68          0          0          0          0         68   rt_memclr.o
        78          0          0          0          0         80   rt_memclr_w.o
       138          0          0          0          0         68   rt_memcpy_v6.o
       100          0          0          0          0         80   rt_memcpy_w.o
         2          0          0          0          0          0   rtexit.o
        10          0          0          0          0          0   rtexit2.o
       128          0          0          0          0         68   strcmpv7m.o
       112          0          0          0          0         88   strtol.o
        12          4          0          0          0         68   sys_exit.o
        74          0          0          0          0         80   sys_stackheap_outer.o
         2          0          0          0          0         68   use_no_semi.o
        24          0          0          0          0        164   basic.o
        98          4          0          0          0        140   d2f.o
       826         16          0          0          0        492   daddsub_clz.o
        24          0          0          0          0        116   dcmpi.o
       688        140          0          0          0        256   ddiv.o
       120          4          0          0          0        140   deqf.o
        90          4          0          0          0        140   dfixu.o
        46          0          0          0          0        116   dflt_clz.o
       120          4          0          0          0        140   dleqf.o
       340         12          0          0          0        152   dmul.o
       156          4          0          0          0        140   dnaninf.o
        12          0          0          0          0        116   dretinf.o
       408         56          0          0          0        168   dsqrt_umaal.o
        86          4          0          0          0        132   f2d.o
        82          4          0          0          0        160   fcmp4.o
        24          0          0          0          0        116   fcmpi.o
        96          0          0          0          0        132   ffltll_clz.o
       140          4          0          0          0        132   fnaninf.o
        10          0          0          0          0        116   fpinit.o
        10          0          0          0          0        116   fretinf.o
         0          0          0          0          0          0   usenofp.o
       864         94         80          0          0        280   asin.o
       744        106        152          0          0        352   atan.o
       512         64          0          0          0        208   atan2.o
       104         16          0          0          0        496   dunder.o
        44          0          0          0          0        248   fabs.o
        72          0          0          0          0        148   fmaxf.o
        72          0          0          0          0        148   fminf.o
        48          0          0          0          0        124   fpclassify.o
       248          0          0          0          0        152   poly.o
         0          0          8          0          0          0   qnan.o
       110          0          0          0          0        148   sqrt.o

    ----------------------------------------------------------------------
      7474        574        512          0         96       7072   Library Totals
        22          0          0          0          0          0   (incl. Padding)

    ----------------------------------------------------------------------

      Code (inc. data)   RO Data    RW Data    ZI Data      Debug   Library Name

      1234         38        272          0         96       1584   c_w.l
      3400        256          0          0          0       3184   fz_wm.l
      2818        280        240          0          0       2304   m_wm.l

    ----------------------------------------------------------------------
      7474        574        512          0         96       7072   Library Totals

    ----------------------------------------------------------------------

==============================================================================


      Code (inc. data)   RO Data    RW Data    ZI Data      Debug   

     24322       2286      16494        324       2204     474899   Grand Totals
     24322       2286      16494         72       2204     474899   ELF Image Totals (compressed)
     24322       2286      16494         72          0          0   ROM Totals

==============================================================================

    Total RO  Size (Code + RO Data)                40816 (  39.86kB)
    Total RW  Size (RW Data + ZI Data)              2528 (   2.47kB)
    Total ROM Size (Code + RO Data + RW Data)      40888 (  39.93kB)

==============================================================================

